D/WifiMonitor( 2015): startMonitoring(wlan0) with mConnected = false
I/ActivityManager( 2015): Start proc com.android.settings for broadcast com.android.settings/.widget.SettingsAppWidgetProvider: pid=2148 uid=1000 gids={41000, 1028, 1015, 3002, 3001, 3003, 1004, 2002, 2001}
I/wpa_supplicant( 2145): Successfully initialized wpa_supplicant
D/AwesomePlayer( 1514): Calling process is: com.android.systemui
I/wpa_supplicant( 2145): rfkill: Cannot open RFKILL control device
I/ActivityManager( 2015): Config changes=200 {1.0 ?mcc?mnc en_US ldltr sw768dp w768dp h951dp 320dpi xlrg port finger -keyb/v/h -nav/h s.5}
I/PowerWidget( 2080): Clearing any old widget stuffs
I/PowerWidget( 2080): Setting up widget
I/PowerWidget( 2080): Button list: toggleAirplane|toggleWifi|toggleAutoRotate|toggleVolume|toggleScreenshot|toggleSound|toggleReboot|toggleLockScreen|toggleShutdown|toggleBluetooth|toggleSpeedMode|toggleScreenrecord
D/BluetoothManagerService( 2015): Message: 20
D/BluetoothManagerService( 2015): Added callback: android.bluetooth.IBluetoothManagerCallback$Stub$Proxy@418d7e28:true
D/BluetoothAdapter( 2148): 1099426120: getState() :  mService = null. Returning STATE_OFF
D/BluetoothManagerService( 2015): Message: 30
D/BluetoothManagerService( 2015): Message: 30
W/ContextImpl( 2148): Calling a method in the system process without a qualified user: android.app.ContextImpl.bindService:1543 android.content.ContextWrapper.bindService:517 android.bluetooth.BluetoothInputDevice.doBind:245 android.bluetooth.BluetoothInputDevice.<init>:238 android.bluetooth.BluetoothAdapter.getProfileProxy:1187 
D/LocalBluetoothProfileManager( 2148): Adding local MAP profile
D/BluetoothMap( 2148): Create BluetoothMap proxy object
D/BluetoothManagerService( 2015): Message: 30
W/ContextImpl( 2148): Calling a method in the system process without a qualified user: android.app.ContextImpl.bindService:1543 android.content.ContextWrapper.bindService:517 android.bluetooth.BluetoothPan.doBind:149 android.bluetooth.BluetoothPan.<init>:141 android.bluetooth.BluetoothAdapter.getProfileProxy:1190 
W/ContextImpl( 2148): Calling a method in the system process without a qualified user: android.app.ContextImpl.bindService:1543 android.content.ContextWrapper.bindService:517 android.bluetooth.BluetoothMap.doBind:109 android.bluetooth.BluetoothMap.<init>:102 android.bluetooth.BluetoothAdapter.getProfileProxy:1196 
W/InputMethodManagerService( 2015): Ignoring setImeWindowStatus of uid 1000 token: null
D/BluetoothManagerService( 2015): Message: 30
D/LocalBluetoothProfileManager( 2148): LocalBluetoothProfileManager construction complete
D/BluetoothAdapter( 2148): 1099426120: getState() :  mService = null. Returning STATE_OFF
D/BluetoothAdapter( 2148): 1099426120: getState() :  mService = null. Returning STATE_OFF
W/ContextImpl( 2148): Calling a method in the system process without a qualified user: android.app.ContextImpl.bindService:1543 android.content.ContextWrapper.bindService:517 android.bluetooth.BluetoothPbap.doBind:164 android.bluetooth.BluetoothPbap.<init>:157 com.android.settings.bluetooth.PbapServerProfile.<init>:68 
E/henryhuang( 2080): mMaximumBacklight: 255 mMinimumBacklight: 10 value: 102
I/ActivityManager( 2015): Start proc com.android.inputmethod.latin for service com.android.inputmethod.latin/.LatinIME: pid=2175 uid=10042 gids={50042, 1028, 1015}
V/InputMethodManagerService( 2015): Adding window token: android.os.Binder@41afbdf8
I/ActivityManager( 2015): Start proc android.process.media for broadcast com.android.providers.media/.MtpReceiver: pid=2189 uid=10005 gids={50005, 1028, 1015, 1023, 1024, 2001, 3003, 3007}
E/FlpHardwareProvider( 2015): Error hw_get_module 'flp': -2
E/FlpHardwareProvider( 2015): Error hw_get_module 'flp': -2
E/LocationManagerService( 2015): No FusedProvider found.
V/PhoneStatusBar/NavigationBarView( 2080): touchEnabled:false
I/CommonTimeManagementService( 2015): No common time service detected on this platform.  Common time services will be unavailable.
I/InputReader( 2015): Reconfiguring input devices.  changes=0x00000020
D/AlarmManager( 2015): Target = android creator = android type = 3 action = com.android.server.NetworkTimeUpdateService.action.POLL
I/ActivityManager( 2015): Start proc com.android.phone for added application com.android.phone: pid=2204 uid=1001 gids={41001, 3002, 3001, 3003, 1028, 1015}
I/InputReader( 2015): Reconfiguring input devices.  changes=0x00000010
I/ActivityManager( 2015): START u0 {act=android.intent.action.MAIN cat=[android.intent.category.HOME] flg=0x10000000 cmp=com.teslacoilsw.launcher/com.android.launcher2.Launcher} from pid 0
I/ActivityManager( 2015): performance mode unset
W/ContextImpl( 2015): Calling a method in the system process without a qualified user: android.app.ContextImpl.sendBroadcast:1123 com.android.server.am.ActivityStackSupervisor.startActivityLocked:1118 com.android.server.am.ActivityStackSupervisor.startHomeActivity:635 com.android.server.am.ActivityManagerService.startHomeActivityLocked:2901 com.android.server.am.ActivityStackSupervisor.resumeHomeActivity:298 
I/ActivityManager( 2015): Start proc com.teslacoilsw.launcher for activity com.teslacoilsw.launcher/com.android.launcher2.Launcher: pid=2216 uid=10020 gids={50020, 3003, 1028, 1015}
I/ActivityManager( 2015): Start proc com.android.printspooler for service com.android.printspooler/.PrintSpoolerService: pid=2228 uid=10054 gids={50054}
I/LatinIME( 2175): Hardware accelerated drawing: true
I/ActivityManager( 2015): Start proc com.google.android.gms for broadcast com.google.android.gms/com.google.android.location.internal.NlpNetworkProviderSettingsUpdateReceiver: pid=2243 uid=10007 gids={50007, 3003, 1007, 1028, 1015, 3002, 3001, 3007, 2001, 3006}
I/Choreographer( 2015): Skipped 58 frames!  The application may be doing too much work on its main thread.
V/KeyguardServiceDelegate( 2015): *** Keyguard connected (yay!)
W/InputMethodManagerService( 2015): Focus gain on non-focused client android.view.inputmethod.InputMethodManager$1@41e54ff8 (uid=1000 pid=2015)
D/BluetoothManagerService( 2015): Message: 20
D/BluetoothManagerService( 2015): Added callback: android.bluetooth.IBluetoothManagerCallback$Stub$Proxy@41a6e930:true
D/BluetoothAdapter( 2080): 1103087432: getState() :  mService = null. Returning STATE_OFF
D/BluetoothAdapter( 2080): 1103087432: getState() :  mService = null. Returning STATE_OFF
D/WindowManager( 2015): update Settings mBootFastEnable = false
D/PhoneStatusBar( 2080): @@@@@@@@@@@@@@@@@@@@@@@@@@@@ACTION_SCREEN_ON mNavigationBarView INVISIBLE
I/PowerWidget( 2080): Clearing any old widget stuffs
D/BluetoothManagerService( 2015): Message: 300
D/BluetoothManagerService( 2015): MESSAGE_USER_SWITCHED
I/PowerWidget( 2080): Setting up widget
I/PowerWidget( 2080): Button list: toggleAirplane|toggleWifi|toggleAutoRotate|toggleVolume|toggleScreenshot|toggleSound|toggleReboot|toggleLockScreen|toggleShutdown|toggleBluetooth|toggleSpeedMode|toggleScreenrecord
I/PrintSpoolerService( 2228): No existing print spooler state.
I/PowerWidget( 2080): Clearing any old widget stuffs
I/PowerWidget( 2080): Setting up widget
I/PowerWidget( 2080): Button list: toggleAirplane|toggleWifi|toggleAutoRotate|toggleVolume|toggleScreenshot|toggleSound|toggleReboot|toggleLockScreen|toggleShutdown|toggleBluetooth|toggleSpeedMode|toggleScreenrecord
D/Tethering( 2015): sendTetherStateChangedBroadcast 1, 0, 0
I/MultiDex( 2243): load(/system/priv-app/GmsCore.apk, forceReload=false)
I/wpa_supplicant( 2145): rfkill: Cannot open RFKILL control device
D/PhoneStatusBar( 2080): disable: < expand icons alerts ticker system_info back home recent clock search >
V/BackupManagerService( 2015): Connected to transport ComponentInfo{android/com.android.internal.backup.LocalTransportService}
V/BackupManagerService( 2015): Registering transport android/com.android.internal.backup.LocalTransportService::android/com.android.internal.backup.LocalTransport = com.android.internal.backup.LocalTransport@41e8e828
I/MultiDex( 2243): Need extracted file /data/data/com.google.android.gms/files/secondary-dexes/GmsCore.apk.classes2.zip
I/MultiDex( 2243): No extraction needed for /data/data/com.google.android.gms/files/secondary-dexes/GmsCore.apk.classes2.zip of size 1547068
I/ActivityManager( 2015): Start proc com.android.smspush for service com.android.smspush/.WapPushManager: pid=2276 uid=10059 gids={50059}
D/ACRA    ( 2216): Set OnSharedPreferenceChangeListener.
D/BluetoothAdapter( 2080): 1103087432: getState() :  mService = null. Returning STATE_OFF
D/BluetoothAdapter( 2080): 1103087432: getState() :  mService = null. Returning STATE_OFF
D/BluetoothManagerService( 2015): Message: 20
D/BluetoothManagerService( 2015): Added callback: android.bluetooth.IBluetoothManagerCallback$Stub$Proxy@41b3cb48:true
D/PhoneStatusBar( 2080): heads up is disabled
D/PhoneStatusBar( 2080): mSettingsPanelGravity = 8388661
I/ActivityManager( 2015): Start proc android.process.acore for content provider com.android.providers.contacts/.CallLogProvider: pid=2295 uid=10003 gids={50003, 3003, 1028, 1015}
D/WifiConfigStore( 2015): Loading config and enabling all networks
D/AlarmManager( 2015): Target = com.android.phone creator = com.android.phone type = 3 action = com.android.phone.UPDATE_CALLER_INFO_CACHE
E/WifiConfigStore( 2015): Error parsing configurationjava.io.FileNotFoundException: /data/misc/wifi/ipconfig.txt: open failed: ENOENT (No such file or directory)
I/ActivityManager( 2015): Start proc com.google.process.location for broadcast com.google.android.gms/com.google.android.location.network.LocationProviderChangeReceiver: pid=2314 uid=10007 gids={50007, 3003, 1007, 1028, 1015, 3002, 3001, 3007, 2001, 3006}
I/Choreographer( 2080): Skipped 49 frames!  The application may be doing too much work on its main thread.
D/BluetoothManagerService( 2015): Message: 30
W/InputAttributes( 2175): No editor info for this field. Bug?
I/ResourceUtils( 2175): Found default value: resource=keypress_vibration_durations build=[HARDWARE=sun9i MODEL=ONDA V989 BRAND=ONDA MANUFACTURER=ONDA] default=-1
V/        ( 2080): result:15:41
D/CallNotifier( 2204): CallNotifier: mSignalInfoToneGenerator created when toneplay
D/BluetoothManagerService( 2015): Message: 30
D/AlarmManager( 2015): Target = android creator = android type = 1 action = com.android.server.WifiManager.action.START_SCAN
D/CommandListener( 1508): Setting iface cfg
V/        ( 2080): result:15:41
D/DateView( 2080): sss = August 24
D/DateView( 2080): ss = Mon
D/CommandListener( 1508): Trying to bring up p2p0
D/WifiMonitor( 2015): startMonitoring(p2p0) with mConnected = true
I/LatinIME:LogUtils( 2175): Dictionary info: dictionary = userunigram.en_US.dict ; version = ? ; date = ?
D/MobileDataStateTracker( 2015): fota: Broadcast received: android.intent.action.ANY_DATA_STATE apnType=fota
I/LatinIME:LogUtils( 2175): Dictionary info: dictionary = main:en ; version = 42 ; date = 1381226429
D/MobileDataStateTracker( 2015): fota: Received state=DISCONNECTED, old=DISCONNECTED, reason=radioTurnedOff
V/BackupManagerService( 2015): Connected to transport ComponentInfo{com.google.android.backuptransport/com.google.android.backup.BackupTransportService}
V/BackupManagerService( 2015): Registering transport com.google.android.backuptransport/com.google.android.backup.BackupTransportService::com.google.android.backup/.BackupTransportService = com.android.internal.backup.IBackupTransport$Stub$Proxy@41c89e58
D/MobileDataStateTracker( 2015): ia: Broadcast received: android.intent.action.ANY_DATA_STATE apnType=ia
I/LatinIME:LogUtils( 2175): Dictionary info: dictionary = personalization.en_US.dict ; version = ? ; date = 1440413458
I/MultiDex( 2314): load(/system/priv-app/GmsCore.apk, forceReload=false)
D/MobileDataStateTracker( 2015): ia: Received state=DISCONNECTED, old=DISCONNECTED, reason=radioTurnedOff
D/MobileDataStateTracker( 2015): supl: Broadcast received: android.intent.action.ANY_DATA_STATE apnType=supl
I/LatinIME:LogUtils( 2175): Dictionary info: dictionary = UserHistoryDictionary.en_US.dic ; version = ? ; date = 1440430831
I/LatinIME:LogUtils( 2175): Dictionary info: dictionary = PersonalizationPredictionDictio ; version = ? ; date = 1440413458
D/MobileDataStateTracker( 2015): supl: Received state=DISCONNECTED, old=DISCONNECTED, reason=radioTurnedOff
D/MobileDataStateTracker( 2015): hipri: Broadcast received: android.intent.action.ANY_DATA_STATE apnType=hipri
D/MobileDataStateTracker( 2015): hipri: Received state=DISCONNECTED, old=DISCONNECTED, reason=radioTurnedOff
D/MobileDataStateTracker( 2015): ims: Broadcast received: android.intent.action.ANY_DATA_STATE apnType=ims
D/MobileDataStateTracker( 2015): ims: Received state=DISCONNECTED, old=DISCONNECTED, reason=radioTurnedOff
D/MobileDataStateTracker( 2015): default: Broadcast received: android.intent.action.ANY_DATA_STATE apnType=default
D/MobileDataStateTracker( 2015): default: Received state=DISCONNECTED, old=DISCONNECTED, reason=radioTurnedOff
D/MobileDataStateTracker( 2015): mms: Broadcast received: android.intent.action.ANY_DATA_STATE apnType=mms
D/MobileDataStateTracker( 2015): mms: Received state=DISCONNECTED, old=DISCONNECTED, reason=radioTurnedOff
D/MobileDataStateTracker( 2015): cbs: Broadcast received: android.intent.action.ANY_DATA_STATE apnType=cbs
D/AlarmManager( 2015): Target = com.android.inputmethod.latin creator = com.android.inputmethod.latin type = 1 action = com.android.inputmethod.latin.personalization.DICT_DECAY
D/MobileDataStateTracker( 2015): cbs: Received state=DISCONNECTED, old=DISCONNECTED, reason=radioTurnedOff
D/MobileDataStateTracker( 2015): fota: Broadcast received: android.intent.action.ANY_DATA_STATE apnType=fota
D/MobileDataStateTracker( 2015): fota: Received state=DISCONNECTED, old=DISCONNECTED, reason=radioTurnedOff
D/MobileDataStateTracker( 2015): ia: Broadcast received: android.intent.action.ANY_DATA_STATE apnType=ia
D/MobileDataStateTracker( 2015): ia: Received state=DISCONNECTED, old=DISCONNECTED, reason=radioTurnedOff
D/MobileDataStateTracker( 2015): supl: Broadcast received: android.intent.action.ANY_DATA_STATE apnType=supl
D/MobileDataStateTracker( 2015): supl: Received state=DISCONNECTED, old=DISCONNECTED, reason=radioTurnedOff
D/MobileDataStateTracker( 2015): hipri: Broadcast received: android.intent.action.ANY_DATA_STATE apnType=hipri
D/MobileDataStateTracker( 2015): hipri: Received state=DISCONNECTED, old=DISCONNECTED, reason=radioTurnedOff
D/MobileDataStateTracker( 2015): ims: Broadcast received: android.intent.action.ANY_DATA_STATE apnType=ims
I/MultiDex( 2314): Need extracted file /data/data/com.google.android.gms/files/secondary-dexes/GmsCore.apk.classes2.zip
I/MultiDex( 2314): No extraction needed for /data/data/com.google.android.gms/files/secondary-dexes/GmsCore.apk.classes2.zip of size 1547068
D/MobileDataStateTracker( 2015): ims: Received state=DISCONNECTED, old=DISCONNECTED, reason=radioTurnedOff
D/MobileDataStateTracker( 2015): default: Broadcast received: android.intent.action.ANY_DATA_STATE apnType=default
D/MobileDataStateTracker( 2015): default: Received state=DISCONNECTED, old=DISCONNECTED, reason=radioTurnedOff
D/MobileDataStateTracker( 2015): mms: Broadcast received: android.intent.action.ANY_DATA_STATE apnType=mms
D/MobileDataStateTracker( 2015): mms: Received state=DISCONNECTED, old=DISCONNECTED, reason=radioTurnedOff
D/MobileDataStateTracker( 2015): cbs: Broadcast received: android.intent.action.ANY_DATA_STATE apnType=cbs
D/MobileDataStateTracker( 2015): cbs: Received state=DISCONNECTED, old=DISCONNECTED, reason=radioTurnedOff
D/MobileDataStateTracker( 2015): fota: Broadcast received: android.intent.action.ANY_DATA_STATE apnType=fota
D/MobileDataStateTracker( 2015): fota: Received state=DISCONNECTED, old=DISCONNECTED, reason=dataDetached
D/MobileDataStateTracker( 2015): ia: Broadcast received: android.intent.action.ANY_DATA_STATE apnType=ia
D/MobileDataStateTracker( 2015): ia: Received state=DISCONNECTED, old=DISCONNECTED, reason=dataDetached
D/MobileDataStateTracker( 2015): supl: Broadcast received: android.intent.action.ANY_DATA_STATE apnType=supl
D/MobileDataStateTracker( 2015): supl: Received state=DISCONNECTED, old=DISCONNECTED, reason=dataDetached
D/MobileDataStateTracker( 2015): hipri: Broadcast received: android.intent.action.ANY_DATA_STATE apnType=hipri
D/MobileDataStateTracker( 2015): hipri: Received state=DISCONNECTED, old=DISCONNECTED, reason=dataDetached
D/MobileDataStateTracker( 2015): ims: Broadcast received: android.intent.action.ANY_DATA_STATE apnType=ims
D/MobileDataStateTracker( 2015): ims: Received state=DISCONNECTED, old=DISCONNECTED, reason=dataDetached
D/MobileDataStateTracker( 2015): default: Broadcast received: android.intent.action.ANY_DATA_STATE apnType=default
D/MobileDataStateTracker( 2015): default: Received state=DISCONNECTED, old=DISCONNECTED, reason=dataDetached
D/MobileDataStateTracker( 2015): mms: Broadcast received: android.intent.action.ANY_DATA_STATE apnType=mms
D/MobileDataStateTracker( 2015): mms: Received state=DISCONNECTED, old=DISCONNECTED, reason=dataDetached
D/MobileDataStateTracker( 2015): cbs: Broadcast received: android.intent.action.ANY_DATA_STATE apnType=cbs
D/MobileDataStateTracker( 2015): cbs: Received state=DISCONNECTED, old=DISCONNECTED, reason=dataDetached
D/MobileDataStateTracker( 2015): fota: Broadcast received: android.intent.action.ANY_DATA_STATE apnType=fota
D/MobileDataStateTracker( 2015): fota: Received state=DISCONNECTED, old=DISCONNECTED, reason=roamingOff
D/MobileDataStateTracker( 2015): ia: Broadcast received: android.intent.action.ANY_DATA_STATE apnType=ia
D/MobileDataStateTracker( 2015): ia: Received state=DISCONNECTED, old=DISCONNECTED, reason=roamingOff
D/MobileDataStateTracker( 2015): supl: Broadcast received: android.intent.action.ANY_DATA_STATE apnType=supl
D/libEGL  ( 2080): loaded /vendor/lib/egl/libEGL_POWERVR_ROGUE.so
D/MobileDataStateTracker( 2015): supl: Received state=DISCONNECTED, old=DISCONNECTED, reason=roamingOff
D/MobileDataStateTracker( 2015): hipri: Broadcast received: android.intent.action.ANY_DATA_STATE apnType=hipri
D/MobileDataStateTracker( 2015): hipri: Received state=DISCONNECTED, old=DISCONNECTED, reason=roamingOff
D/MobileDataStateTracker( 2015): ims: Broadcast received: android.intent.action.ANY_DATA_STATE apnType=ims
D/MobileDataStateTracker( 2015): ims: Received state=DISCONNECTED, old=DISCONNECTED, reason=roamingOff
D/MobileDataStateTracker( 2015): default: Broadcast received: android.intent.action.ANY_DATA_STATE apnType=default
D/MobileDataStateTracker( 2015): default: Received state=DISCONNECTED, old=DISCONNECTED, reason=roamingOff
D/MobileDataStateTracker( 2015): mms: Broadcast received: android.intent.action.ANY_DATA_STATE apnType=mms
D/MobileDataStateTracker( 2015): mms: Received state=DISCONNECTED, old=DISCONNECTED, reason=roamingOff
D/MobileDataStateTracker( 2015): cbs: Broadcast received: android.intent.action.ANY_DATA_STATE apnType=cbs
D/libEGL  ( 2080): loaded /vendor/lib/egl/libGLESv1_CM_POWERVR_ROGUE.so
E/IMGSRV  ( 2080): :0: OGLES3LIBNAME is /system/vendor/lib/egl/libGLESv2_POWERVR_ROGUE.so
D/MobileDataStateTracker( 2015): cbs: Received state=DISCONNECTED, old=DISCONNECTED, reason=roamingOff
D/MobileDataStateTracker( 2015): fota: Broadcast received: android.intent.action.ANY_DATA_STATE apnType=fota
D/MobileDataStateTracker( 2015): fota: Received state=DISCONNECTED, old=DISCONNECTED, reason=roamingOff
D/MobileDataStateTracker( 2015): ia: Broadcast received: android.intent.action.ANY_DATA_STATE apnType=ia
D/libEGL  ( 2080): loaded /vendor/lib/egl/libGLESv2_POWERVR_ROGUE.so
D/TelephonyDebugService( 2204): TelephonyDebugService()
D/MobileDataStateTracker( 2015): ia: Received state=DISCONNECTED, old=DISCONNECTED, reason=roamingOff
D/MobileDataStateTracker( 2015): supl: Broadcast received: android.intent.action.ANY_DATA_STATE apnType=supl
D/MobileDataStateTracker( 2015): supl: Received state=DISCONNECTED, old=DISCONNECTED, reason=roamingOff
D/MobileDataStateTracker( 2015): hipri: Broadcast received: android.intent.action.ANY_DATA_STATE apnType=hipri
D/MobileDataStateTracker( 2015): hipri: Received state=DISCONNECTED, old=DISCONNECTED, reason=roamingOff
D/MobileDataStateTracker( 2015): ims: Broadcast received: android.intent.action.ANY_DATA_STATE apnType=ims
D/MobileDataStateTracker( 2015): ims: Received state=DISCONNECTED, old=DISCONNECTED, reason=roamingOff
D/MobileDataStateTracker( 2015): default: Broadcast received: android.intent.action.ANY_DATA_STATE apnType=default
D/MobileDataStateTracker( 2015): default: Received state=DISCONNECTED, old=DISCONNECTED, reason=roamingOff
D/MobileDataStateTracker( 2015): mms: Broadcast received: android.intent.action.ANY_DATA_STATE apnType=mms
D/MobileDataStateTracker( 2015): mms: Received state=DISCONNECTED, old=DISCONNECTED, reason=roamingOff
D/MobileDataStateTracker( 2015): cbs: Broadcast received: android.intent.action.ANY_DATA_STATE apnType=cbs
D/MobileDataStateTracker( 2015): cbs: Received state=DISCONNECTED, old=DISCONNECTED, reason=roamingOff
D/BluetoothManagerService( 2015): Message: 30
D/OpenGLRenderer( 2080): Enabling debug mode 0
E/BluetoothPhoneService( 2204): Could not get a handle on Connection object for the call
I/ActivityManager( 2015): Start proc com.google.process.gapps for content provider com.google.android.gsf/.settings.GoogleSettingsProvider: pid=2352 uid=10007 gids={50007, 3003, 1007, 1028, 1015, 3002, 3001, 3007, 2001, 3006}
W/CallNotifier( 2204): Got onMwiChanged() on non-voice-capable device! Ignoring...
I/PhoneApp( 2204): Headset phone created, binding local service.
D/PhoneStatusBar( 2080): Owenli notification total:1, current:0, pkg:android, is clearable:false
D/PhoneStatusBar( 2080): disable: < expand icons alerts ticker system_info back home RECENT* clock search >
V/KeyguardHostView( 2080): Initial transport state: 1, pbstate=0
I/ContactLocale( 2295): AddressBook Labels [en_US]: [, A, B, C, D, E, F, G, H, I, J, K, L, M, N, O, P, Q, R, S, T, U, V, W, X, Y, Z, , , , , , , , , , , , , , , , , , , , , , , , , , , , , , , , , , , , , , , , , , , , , , , , , , , , , , , , , , , , , , , , , , , , , , , , , , , , , , , , , , , , , , , , , , , , , , , , , , , , , , , , , , , , , , , , , , , , , , , , , , , , , , , , , , , , , , , , , , , , , , , , , , , , , , , , , , , , , , , , , , , , , , , , , , , , , , , , , , , , , , #, ]
I/GservicesProvider( 2352): Gservices pushing to system: true; secure/global: true
I/fsck_msdos( 1506): ** Phase 2 - Check Cluster Chains
D/WindowManager( 2015): setSystemUiVisibility start color:0 attrs:WM.LayoutParams{(0,0)(fillxfill) sim=#10 ty=2004 fl=#1030100 statusBarColor=0 pfl=0xa fmt=-3 wanim=0x7f0d0003 or=2 if=0x4}
D/WindowManager( 2015): setSystemUiVisibility ent
V/CommandQ( 2080):  0 color:0
D/libEGL  ( 2216): loaded /vendor/lib/egl/libEGL_POWERVR_ROGUE.so
D/libEGL  ( 2216): loaded /vendor/lib/egl/libGLESv1_CM_POWERVR_ROGUE.so
E/IMGSRV  ( 2216): :0: OGLES3LIBNAME is /system/vendor/lib/egl/libGLESv2_POWERVR_ROGUE.so
D/libEGL  ( 2216): loaded /vendor/lib/egl/libGLESv2_POWERVR_ROGUE.so
I/wpa_supplicant( 2145): wlan0: Trying to associate with c0:4a:00:f7:8c:04 (SSID='Great-Wi-Fi' freq=2437 MHz)
D/OpenGLRenderer( 2216): Enabling debug mode 0
E/Nova.Workspace( 2216): The Hotseat screen must be >= 0 and < 1 (was 1); skipping child
E/Nova.Workspace( 2216): The Hotseat screen must be >= 0 and < 1 (was 2); skipping child
E/Nova.Workspace( 2216): The Hotseat screen must be >= 0 and < 1 (was 3); skipping child
E/Nova.Workspace( 2216): The Hotseat screen must be >= 0 and < 1 (was 4); skipping child
V/ProvidersChangedReceiver( 2314): calling applySettings
I/fsck_msdos( 1506): ** Phase 3 - Checking Directories
V/RenderScript( 2216): 0x76a926a0 Launching thread(s), CPUs 8
I/ActivityManager( 2015): Displayed com.teslacoilsw.launcher/com.android.launcher2.Launcher: +1s993ms
I/ActivityManager( 2015): Timeline: Activity_windows_visible id: com.teslacoilsw.launcher time:21039
D/AlarmManager( 2015): Target = com.google.android.gms creator = com.google.android.gms type = 3 action = null
I/GCoreUlr( 2314): Starting service, intent=Intent { act=com.google.android.location.reporting.ACTION_UPDATE_WORLD cmp=com.google.android.gms/com.google.android.location.reporting.service.DispatchingService (has extras) }, extras=Bundle[{receiverAction=android.location.PROVIDERS_CHANGED}]
D/BluetoothAdapter( 2080): 1103087432: getState() :  mService = null. Returning STATE_OFF
D/henryhuang( 2080): mWiFIName : null
D/BluetoothAdapter( 2080): 1103087432: getState() :  mService = null. Returning STATE_OFF
D/henryhuang( 2080): mWiFIName : null
D/BluetoothAdapter( 2080): 1103087432: getState() :  mService = null. Returning STATE_OFF
D/henryhuang( 2080): mWiFIName : null
D/BluetoothAdapter( 2148): 1099426120: getState() :  mService = null. Returning STATE_OFF
D/BluetoothAdapter( 2080): 1103087432: getState() :  mService = null. Returning STATE_OFF
D/henryhuang( 2080): mWiFIName : null
D/BluetoothAdapter( 2080): 1103087432: getState() :  mService = null. Returning STATE_OFF
D/henryhuang( 2080): mWiFIName : null
D/BluetoothAdapter( 2080): 1103087432: getState() :  mService = null. Returning STATE_OFF
D/henryhuang( 2080): mWiFIName : null
D/BluetoothAdapter( 2080): 1103087432: getState() :  mService = null. Returning STATE_OFF
D/henryhuang( 2080): mWiFIName : null
D/BluetoothAdapter( 2080): 1103087432: getState() :  mService = null. Returning STATE_OFF
I/GCoreUlr( 2314): DispatchingService.onCreate()
D/henryhuang( 2080): mWiFIName : null
D/BluetoothAdapter( 2080): 1103087432: getState() :  mService = null. Returning STATE_OFF
D/henryhuang( 2080): mWiFIName : null
D/BluetoothAdapter( 2080): 1103087432: getState() :  mService = null. Returning STATE_OFF
D/henryhuang( 2080): mWiFIName : null
D/BluetoothAdapter( 2080): 1103087432: getState() :  mService = null. Returning STATE_OFF
D/henryhuang( 2080): mWiFIName : null
D/BluetoothAdapter( 2080): 1103087432: getState() :  mService = null. Returning STATE_OFF
D/henryhuang( 2080): mWiFIName : null
I/wpa_supplicant( 2145): wlan0: Associated with c0:4a:00:f7:8c:04
D/AlarmManager( 2015): Target = com.google.android.gms creator = com.google.android.gms type = 3 action = null
I/wpa_supplicant( 2145): wlan0: WPA: Key negotiation completed with c0:4a:00:f7:8c:04 [PTK=CCMP GTK=CCMP]
I/wpa_supplicant( 2145): wlan0: CTRL-EVENT-CONNECTED - Connection to c0:4a:00:f7:8c:04 completed (auth) [id=0 id_str=]
I/fsck_msdos( 1506): ** Phase 4 - Checking for Lost Files
E/wpa_supplicant( 2145): wpa_driver_nl80211_driver_cmd: failed to issue private commands
E/WifiStateMachine( 2015): Unexpected BatchedScanResults :null
E/wpa_supplicant( 2145): wpa_driver_nl80211_driver_cmd: failed to issue private commands
V/ProvidersChangedReceiver( 2314): calling applySettings
I/GCoreUlr( 2314): WorldUpdater received intent Intent { act=com.google.android.location.reporting.ACTION_UPDATE_WORLD cmp=com.google.android.gms/com.google.android.location.reporting.service.DispatchingService (has extras) } with receiverAction android.location.PROVIDERS_CHANGED
I/fsck_msdos( 1506): 2311 files, 1521844 free (5623341 clusters)
D/GeofencerStateMachine( 2314): Creating GeofencerStateMachine
D/AlarmManager( 2015): Target = com.google.android.gms creator = com.google.android.gms type = 3 action = null
I/Vold    ( 1506): Filesystem check completed OK
D/Vold    ( 1506): blkid identified as /dev/block/vold/179:49: LABEL="ONDA_MID" UUID="28AE-1B00" TYPE="vfat" 
D/Vold    ( 1506): Volume extsd state changing 3 (Checking) -> 4 (Mounted)
I/Vold    ( 1506): Volume::mountVol: getState=4, State_Mounted=4
D/MountService( 2015): volume state changed for /mnt/extsd (checking -> mounted)
E/VoldConnector( 2015): NDC Command {3 volume mount /mnt/extsd} took too long (3428ms)
D/MountService( 2015): sendStorageIntent Intent { act=android.intent.action.MEDIA_MOUNTED dat=file:///mnt/extsd (has extras) } to UserHandle{-1}
I/Vold    ( 1506): Volume::mountVol: getMountpoint() /mnt/sdcard
I/Vold    ( 1506): /dev/block/vold/179:1 being considered for volume sdcard
D/Vold    ( 1506): Volume sdcard state changing 1 (Idle-Unmounted) -> 3 (Checking)
I/Vold    ( 1506): Exfat::check
I/fsck.exfat( 1506): exfatfsck 0.9.5
D/MountService( 2015): volume state changed for /mnt/sdcard (unmounted -> checking)
D/MountService( 2015): sendStorageIntent Intent { act=android.intent.action.MEDIA_CHECKING dat=file:///mnt/sdcard (has extras) } to UserHandle{-1}
I/fsck.exfat( 1506): ERROR: exFAT file system is not found.
I/fsck.exfat( 1506): fsck.exfat terminated by exit(1)
E/Vold    ( 1506): Filesystem check failed (unknown exit code 1)
I/Vold    ( 1506): Fat::check /dev/block/vold/179:1
D/AlarmManager( 2015): Target = com.google.android.gms creator = com.google.android.gms type = 3 action = null
I/fsck_msdos( 1506): ** /dev/block/vold/179:1
I/GCoreUlr( 2314): Starting service, intent=Intent { act=com.google.android.location.reporting.ACTION_UPDATE_WORLD cmp=com.google.android.gms/com.google.android.location.reporting.service.DispatchingService (has extras) }, extras=Bundle[{receiverAction=android.location.PROVIDERS_CHANGED}]
V/GeofencerHelper( 2314): Initializing geofence's system cache.
V/PlaceSubscriptionManager( 2314): Initializing PlaceSubscriptionManager's system cache.
I/fsck_msdos( 1506): ** Phase 1 - Read FAT (compare skipped)
I/fsck_msdos( 1506): Attempting to allocate 18740 KB for FAT
D/BluetoothAdapter( 2148): 1099426120: getState() :  mService = null. Returning STATE_OFF
I/GCoreUlr( 2314): Ensuring that reporting is stopped because of reasons: (no Google accounts)
I/ActivityManager( 2015): Start proc com.google.android.partnersetup for broadcast com.google.android.partnersetup/.PhoneStateReceiver: pid=2415 uid=10010 gids={50010, 3003}
D/GCoreFlp( 2314): Unknown pending intent to remove.
I/GCoreUlr( 2314): Unbound from all location providers
I/GCoreUlr( 2314): WorldUpdater received intent Intent { act=com.google.android.location.reporting.ACTION_UPDATE_WORLD cmp=com.google.android.gms/com.google.android.location.reporting.service.DispatchingService (has extras) } with receiverAction android.location.PROVIDERS_CHANGED
I/GCoreUlr( 2314): Ensuring that reporting is stopped because of reasons: (no Google accounts)
D/GCoreFlp( 2314): Unknown pending intent to remove.
I/GCoreUlr( 2314): Unbound from all location providers
D/GeofenceStateCache( 2314): Recovered 0 geofences.
I/Choreographer( 2080): Skipped 137 frames!  The application may be doing too much work on its main thread.
W/WindowManager( 2015): Window freeze timeout expired.
W/WindowManager( 2015): Force clearing orientation change: Window{41b868d8 u0 NavigationBar}
W/WindowManager( 2015): Force clearing orientation change: Window{41ec9838 u0 StatusBar}
D/SizeAdaptiveLayout( 2080): com.android.internal.widget.SizeAdaptiveLayout{41ce6818 V.E..... ......I. 0,0-0,0 #7f070058 app:id/adaptive}child view android.widget.LinearLayout{41cef388 G.E..... ......ID 0,0-0,0 #10202de android:id/status_bar_latest_event_content} measured out of bounds at 120px clamped to 128px
D/SizeAdaptiveLayout( 2080): com.android.internal.widget.SizeAdaptiveLayout{41ce6818 V.E..... ......I. 0,0-0,0 #7f070058 app:id/adaptive}child view android.widget.LinearLayout{41cef388 G.E..... ......ID 0,0-0,0 #10202de android:id/status_bar_latest_event_content} measured out of bounds at 120px clamped to 128px
D/SizeAdaptiveLayout( 2080): com.android.internal.widget.SizeAdaptiveLayout{41ce6818 V.E..... ......I. 0,0-0,0 #7f070058 app:id/adaptive}child view android.widget.LinearLayout{41cef388 G.E..... ......ID 0,0-0,0 #10202de android:id/status_bar_latest_event_content} measured out of bounds at 120px clamped to 128px
D/SizeAdaptiveLayout( 2080): com.android.internal.widget.SizeAdaptiveLayout{41ce6818 V.E..... ......I. 0,0-0,0 #7f070058 app:id/adaptive}child view android.widget.LinearLayout{41cef388 G.E..... ......ID 0,0-0,0 #10202de android:id/status_bar_latest_event_content} measured out of bounds at 120px clamped to 128px
D/SizeAdaptiveLayout( 2080): com.android.internal.widget.SizeAdaptiveLayout{41ce6818 V.E..... ......I. 0,0-0,0 #7f070058 app:id/adaptive}child view android.widget.LinearLayout{41cef388 G.E..... ......ID 0,0-0,0 #10202de android:id/status_bar_latest_event_content} measured out of bounds at 120px clamped to 128px
D/SizeAdaptiveLayout( 2080): com.android.internal.widget.SizeAdaptiveLayout{41ce6818 V.E..... ......I. 0,0-0,0 #7f070058 app:id/adaptive}child view android.widget.LinearLayout{41cef388 G.E..... ......ID 0,0-0,0 #10202de android:id/status_bar_latest_event_content} measured out of bounds at 120px clamped to 128px
I/GeofencerStateMachine( 2314): Network location disabled.
D/AlarmManager( 2015): Target = com.google.android.gms creator = com.google.android.gms type = 3 action = null
V/KeyguardHostView( 2080): music state changed: 0
D/WindowManager( 2015): setSystemUiVisibility start color:0 attrs:WM.LayoutParams{(0,0)(fillxfill) sim=#10 ty=2004 fl=#d030100 statusBarColor=0 pfl=0xa fmt=-3 wanim=0x7f0d0003 or=2 vsysui=0x600700 if=0x4 userActivityTimeout=10000}
D/WindowManager( 2015): setSystemUiVisibility ent
V/CommandQ( 2080):  0 color:0
I/MultiDex( 2352): load(/system/priv-app/GmsCore.apk, forceReload=false)
I/MultiDex( 2352): Need extracted file /data/data/com.google.android.gms/files/secondary-dexes/GmsCore.apk.classes2.zip
I/MultiDex( 2352): No extraction needed for /data/data/com.google.android.gms/files/secondary-dexes/GmsCore.apk.classes2.zip of size 1547068
D/AlarmManager( 2015): Target = android creator = android type = 3 action = android.net.wifi.DHCP_RENEW
D/WifiStateMachine( 2015): VerifyingLinkState enter
D/WifiStateMachine( 2015): VerifyingLinkState GOOD_LINK_DETECTED: transition to captive portal check
D/WifiStateMachine( 2015): CaptivePortalCheckState enter
D/WifiStateMachine( 2015): CaptivePortalCheckState CMD_CAPTIVE_CHECK_COMPLETE
D/ConnectivityService( 2015): Captive portal check NetworkInfo: type: WIFI[], state: CONNECTING/CAPTIVE_PORTAL_CHECK, reason: (unspecified), extra: "Great-Wi-Fi", roaming: false, failover: false, isAvailable: true, isConnectedToProvisioningNetwork: false
D/ConnectivityService( 2015): handleCaptivePortalTrackerCheck: call captivePortalCheckComplete ni=NetworkInfo: type: WIFI[], state: CONNECTING/CAPTIVE_PORTAL_CHECK, reason: (unspecified), extra: "Great-Wi-Fi", roaming: false, failover: false, isAvailable: true, isConnectedToProvisioningNetwork: false
D/ConnectivityService( 2015): ConnectivityChange for WIFI: CONNECTED/CONNECTED
E/ConnectivityService( 2015): Unexpected mtu value: android.net.wifi.WifiStateTracker@41b704e0
D/BluetoothAdapter( 2148): 1099426120: getState() :  mService = null. Returning STATE_OFF
D/Nat464Xlat( 2015): requiresClat: netType=1, hasIPv4Address=true
V/KeyguardServiceDelegate( 2015): **** SHOWN CALLED ****
I/Choreographer( 2080): Skipped 37 frames!  The application may be doing too much work on its main thread.
W/ResourceType( 2080): No known package when getting value for resource number 0x7f0a00fe
I/GCM     ( 2352): GCM config loaded
D/GCM     ( 2352): GcmService start Intent { act=com.google.android.gms.INITIALIZE flg=0x10 pkg=com.google.android.gms cmp=com.google.android.gms/.gcm.GcmService } com.google.android.gms.INITIALIZE
D/GCM     ( 2352): GcmService start Intent { act=com.google.android.gms.INITIALIZE flg=0x10 pkg=com.google.android.gms cmp=com.google.android.gms/.gcm.GcmService } com.google.android.gms.INITIALIZE
I/ActivityManager( 2015): Start proc com.softwinner.fireplayer for broadcast com.softwinner.fireplayer/com.softwinner.service.SoftWinnerServiceReceiver: pid=2473 uid=10021 gids={50021, 3003, 1028, 1015}
I/SurfaceFlinger( 1511): Boot is finished (17011 ms)
D/AudioService( 2015): ACTION_BOOT_COMPLETED in AudioService.java
W/ContextImpl( 2015): Calling a method in the system process without a qualified user: android.app.ContextImpl.sendBroadcast:1123 com.android.server.wm.WindowManagerService.performEnableScreen:5411 com.android.server.wm.WindowManagerService$H.handleMessage:7403 android.os.Handler.dispatchMessage:102 android.os.Looper.loop:136 
D/BluetoothManagerService( 2015): Message: 30
W/ContextImpl( 2015): Calling a method in the system process without a qualified user: android.app.ContextImpl.bindService:1543 android.bluetooth.BluetoothHeadset.doBind:283 android.bluetooth.BluetoothHeadset.<init>:276 android.bluetooth.BluetoothAdapter.getProfileProxy:1181 android.media.AudioService.getBluetoothHeadset:2253 
D/BluetoothManagerService( 2015): Message: 30
W/ContextImpl( 2015): Calling a method in the system process without a qualified user: android.app.ContextImpl.bindService:1543 android.bluetooth.BluetoothA2dp.doBind:165 android.bluetooth.BluetoothA2dp.<init>:158 android.bluetooth.BluetoothAdapter.getProfileProxy:1184 android.media.AudioService$AudioServiceBroadcastReceiver.onReceive:4196 
V/WiredAccessoryManager( 2015): init()
D/PhoneStatusBar( 2080): disable: < expand icons alerts ticker system_info BACK* HOME* RECENT clock search >
V/CommandQ( 2080):  1 color:0
I/fsck_msdos( 1506): ** Phase 2 - Check Cluster Chains
D/LocalMediaProvider( 2473): LocalMediaProvider onCreate
D/AwesomePlayer( 1514): Calling process is: system_server
W/ActivityThread( 2352): ClassLoader.loadClass: The class loader returned by Thread.getContextClassLoader() may fail for processes that host multiple applications. You should explicitly specify a context class loader. For example: Thread.setContextClassLoader(getClass().getClassLoader());
D/AwesomePlayer( 1514): Calling process is: system_server
D/PhoneStatusBar( 2080): Owenli notification total:2, current:0, pkg:com.android.systemui, is clearable:false
D/PhoneStatusBar( 2080): Owenli notification total:2, current:1, pkg:android, is clearable:false
D/BluetoothAdapter( 2080): 1103087432: getState() :  mService = null. Returning STATE_OFF
D/BluetoothAdapter( 2080): 1103087432: getState() :  mService = null. Returning STATE_OFF
I/fsck_msdos( 1506): ** Phase 3 - Checking Directories
I/fsck_msdos( 1506): ** Phase 4 - Checking for Lost Files
D/AwesomePlayer( 1514): Calling process is: system_server
I/DynamicPManagerService( 2015): boot completed
D/GCM     ( 2352): Connected
D/AlarmManager( 2015): Target = com.google.android.gms creator = com.google.android.gms type = 3 action = com.google.android.intent.action.MCS_HEARTBEAT
D/AlarmManager( 2015): Target = android creator = android type = 3 action = android.content.syncmanager.SYNC_ALARM
I/fsck_msdos( 1506): Next free cluster in FSInfo block (1888) not free
I/fsck_msdos( 1506): FIXED
I/fsck_msdos( 1506): 76 files, 2404516 free (4795433 clusters)
I/PowerManagerService( 2015): Boot animation finished.
D/AwesomePlayer( 1514): Calling process is: system_server
D/GCM     ( 2352): Message class ino
D/PhoneStatusBar( 2080): @@@@@@@@@@@@@@@@@@@@@@@@@@@@ACTION_SCREEN_ON mNavigationBarView INVISIBLE
I/Vold    ( 1506): Filesystem check completed OK
D/AlarmManager( 2015): Target = com.google.android.gms creator = com.google.android.gms type = 3 action = com.google.android.intent.action.MCS_HEARTBEAT
D/Vold    ( 1506): blkid identified as /dev/block/vold/179:1: LABEL="ONDA_MID" UUID="335D-1211" TYPE="vfat" 
D/Vold    ( 1506): Volume sdcard state changing 3 (Checking) -> 4 (Mounted)
I/Vold    ( 1506): Volume::mountVol: getState=4, State_Mounted=4
I/RecoverySystem( 2015): No recovery log file
I/ActivityManager( 2015): Start proc com.android.providers.calendar for broadcast com.android.providers.calendar/.CalendarReceiver: pid=2520 uid=10001 gids={50001, 3003, 1028, 1015}
D/AwesomePlayer( 1514): Calling process is: system_server
E/VoldConnector( 2015): NDC Command {4 volume mount /mnt/sdcard} took too long (1868ms)
I/PackageManager( 2015): Updating external media status from unmounted to mounted
D/MountService( 2015): volume state changed for /mnt/sdcard (checking -> mounted)
D/MountService( 2015): sendStorageIntent Intent { act=android.intent.action.MEDIA_MOUNTED dat=file:///mnt/sdcard (has extras) } to UserHandle{-1}
I/BootReceiver( 2015): Copying audit failures to DropBox
I/BootReceiver( 2015): Checking for fsck errors
D/AwesomePlayer( 1514): Calling process is: system_server
I/ActivityManager( 2015): START u0 {flg=0x10000000 cmp=com.android.systemui/.usb.UsbStorageActivity} from pid -1
I/ActivityManager( 2015): performance mode unset
W/ContextImpl( 2015): Calling a method in the system process without a qualified user: android.app.ContextImpl.sendBroadcast:1123 com.android.server.am.ActivityStackSupervisor.startActivityLocked:1118 com.android.server.am.ActivityStackSupervisor.startActivityMayWait:744 com.android.server.am.ActivityManagerService.startActivityInPackage:3317 com.android.server.am.PendingIntentRecord.sendInner:252 
D/PermissionCache( 1511): checking android.permission.READ_FRAME_BUFFER for uid=1000 => granted (639 us)
D/PhoneStatusBar( 2080): Owenli notification total:3, current:0, pkg:com.android.systemui, is clearable:false
D/PhoneStatusBar( 2080): Owenli notification total:3, current:1, pkg:com.android.systemui, is clearable:false
D/PhoneStatusBar( 2080): Owenli notification total:3, current:2, pkg:android, is clearable:false
D/ConnectivityService( 2015): handleInetConditionHoldEnd: net=1, condition=100, published condition=0
I/CalendarProvider2( 2520): Created com.android.providers.calendar.CalendarAlarmManager@4188e3d8(com.android.providers.calendar.CalendarProvider2@41886f88)
D/AlarmManager( 2015): Target = com.android.providers.calendar creator = com.android.providers.calendar type = 2 action = com.android.providers.calendar.intent.CalendarProvider2
I/ActivityManager( 2015): Start proc com.google.android.configupdater for broadcast com.google.android.configupdater/.CertPin.CertPinUpdateRequestReceiver: pid=2551 uid=10002 gids={50002, 3003, 2001}
I/ActivityManager( 2015): Displayed com.android.systemui/.usb.UsbStorageActivity: +422ms
I/ActivityManager( 2015): Timeline: Activity_windows_visible id: com.android.systemui time:24285
E/UpdateRequestReceiver( 2551): ignoring update request
E/UpdateRequestReceiver( 2551): ignoring update request
E/UpdateRequestReceiver( 2551): ignoring update request
E/UpdateRequestReceiver( 2551): ignoring update request
E/UpdateRequestReceiver( 2551): ignoring update request
E/UpdateRequestReceiver( 2551): ignoring update request
V/audio_hw_primary( 1514): start_output_stream, line: 739
D/audio_hw_primary( 1514): line:655,select_output_device,adev->mode:0, AUDIO_MODE_RINGTONE:1, AUDIO_MODE_NORMAL:0
V/audio_hw_primary( 1514): huangxin------normal mode, ****LINE:657,FUNC:select_output_device, adev->out_device:2
V/codec_audio_pad( 1514): in normal mode, headset or speaker on,****LINE:74,FUNC:set_normal_path
V/audio_hw_primary( 1514): normal mode , speaker,****LINE:659,FUNC:select_output_device
V/audio_hw_primary( 1514): start_output_stream: card:0, port:0, rate:44100
V/audio_hw_primary( 1514): do not use out resampler
D/WindowManager( 2015): setSystemUiVisibility start color:0 attrs:WM.LayoutParams{(0,0)(fillxfill) sim=#120 ty=1 fl=#1c10100 statusBarColor=0 pfl=0x8 wanim=0x10302f5}
D/WindowManager( 2015): setSystemUiVisibility ent
V/CommandQ( 2080):  0 color:0
D/ConnectivityService( 2015): handleConnectivityChange: addresses changed linkProperty[1]: resetMask=0
D/ConnectivityService( 2015):    car=removed=[] added=[fe80::9a3b:16ff:fedf:969c/64,]
D/Nat464Xlat( 2015): requiresClat: netType=1, hasIPv4Address=true
I/ActivityManager( 2015): Start proc com.google.android.onetimeinitializer for broadcast com.google.android.onetimeinitializer/.OneTimeInitializerReceiver: pid=2589 uid=10009 gids={50009}
V/AuthZen ( 2243): Received a GCM message.
D/GCM     ( 2352): GcmService start Intent { act=android.intent.action.BOOT_COMPLETED flg=0x8000010 cmp=com.google.android.gms/.gcm.GcmService (has extras) } android.intent.action.BOOT_COMPLETED
V/AuthZen ( 2243): [DefaultAuthzenGcmReceiverDelegateService] Received an Authzen GCM message.
V/OneTimeInitializerReceiver( 2589): OneTimeInitializerReceiver.onReceive
V/OneTimeService( 2589): OneTimeService.onHandleIntent
D/PhoneStatusBar( 2080): @@@@@@@@@@@@@@@@@@@@@@@@@@@@ACTION_USER_PRESENT mNavigationBarView VISIBLE
D/PhoneStatusBar( 2080): @@@@@@@@@@@@@@@@@@@@@@@@@@@@ACTION_USER_PRESENT mNavigationBarView VISIBLE
D/PhoneStatusBar( 2080): @@@@@@@@@@@@@@@@@@@@@@@@@@@@ACTION_USER_PRESENT mNavigationBarView VISIBLE
D/PhoneStatusBar( 2080): disable: < expand icons alerts ticker system_info back* home* recent* clock search >
V/CommandQ( 2080):  1 color:0
I/ActivityManager( 2015): Delay finish: com.google.android.partnersetup/.GooglePartnerSetup
D/PhoneStatusBar( 2080): @@@@@@@@@@@@@@@@@@@@@@@@@@@@ACTION_USER_PRESENT mNavigationBarView VISIBLE
D/PhoneStatusBar( 2080): @@@@@@@@@@@@@@@@@@@@@@@@@@@@ACTION_USER_PRESENT mNavigationBarView VISIBLE
D/PhoneStatusBar( 2080): @@@@@@@@@@@@@@@@@@@@@@@@@@@@ACTION_USER_PRESENT mNavigationBarView VISIBLE
I/ActivityManager( 2015): Resuming delayed broadcast
I/ActivityManager( 2015): Delay finish: com.google.android.partnersetup/.RlzPingBroadcastReceiver
D/PhoneStatusBar( 2080): @@@@@@@@@@@@@@@@@@@@@@@@@@@@ACTION_USER_PRESENT mNavigationBarView VISIBLE
D/BluetoothAdapter( 2080): 1103087432: getState() :  mService = null. Returning STATE_OFF
D/BluetoothAdapter( 2080): 1103087432: getState() :  mService = null. Returning STATE_OFF
E/VoldConnector( 2015): NDC Command {7 volume shared /mnt/sdcard ums} took too long (704ms)
I/PackageManager( 2015): No secure containers on sdcard
E/VoldConnector( 2015): NDC Command {6 asec list} took too long (1120ms)
W/PackageManager( 2015): Not granting permission android.permission.CALL_PRIVILEGED to package com.android.contacts (protectionLevel=18 flags=0xc8be45)
W/PackageManager( 2015): Not granting permission android.permission.MODIFY_PHONE_STATE to package com.android.contacts (protectionLevel=18 flags=0xc8be45)
W/PackageManager( 2015): Not granting permission android.permission.ALLOW_ANY_CODEC_FOR_PLAYBACK to package com.android.contacts (protectionLevel=18 flags=0xc8be45)
W/PackageManager( 2015): Not granting permission android.permission.REBOOT to package com.android.contacts (protectionLevel=18 flags=0xc8be45)
W/PackageManager( 2015): Unknown permission com.android.launcher.permission.READ_SETTINGS in package com.google.android.onetimeinitializer
W/PackageManager( 2015): Unknown permission com.android.launcher.permission.WRITE_SETTINGS in package com.google.android.onetimeinitializer
W/PackageManager( 2015): Unknown permission com.android.launcher.permission.PRELOAD_WORKSPACE in package com.google.android.partnersetup
W/PackageManager( 2015): Not granting permission android.permission.WRITE_MEDIA_STORAGE to package com.android.calculator2 (protectionLevel=18 flags=0x88be45)
W/PackageManager( 2015): Not granting permission android.permission.WRITE_MEDIA_STORAGE to package com.jui.gallery3d (protectionLevel=18 flags=0x98bc45)
W/PackageManager( 2015): Not granting permission android.permission.MOUNT_UNMOUNT_FILESYSTEMS to package com.jui.gallery3d (protectionLevel=18 flags=0x98bc45)
D/AuthZen ( 2243): authzen received event: android.intent.action.BOOT_COMPLETED
W/PackageManager( 2015): Unknown permission com.android.vending.billing.IBillingAccountService.BIND2 in package com.google.android.gsf.login
W/PackageManager( 2015): Unknown permission com.google.android.gallery3d.permission.GALLERY_PROVIDER in package com.android.bluetooth
W/PackageManager( 2015): Unknown permission com.android.gallery3d.permission.GALLERY_PROVIDER in package com.android.bluetooth
W/PackageManager( 2015): Unknown permission android.permission.MMS_SEND_OUTBOX_MSG in package com.android.bluetooth
W/PackageManager( 2015): Unknown permission com.htc.launcher.permission.READ_SETTINGS in package com.teslacoilsw.launcher
W/PackageManager( 2015): Unknown permission com.android.launcher.permission.READ_SETTINGS in package com.teslacoilsw.launcher
W/PackageManager( 2015): Unknown permission com.cyanogenmod.trebuchet.permission.READ_SETTINGS in package com.teslacoilsw.launcher
W/PackageManager( 2015): Unknown permission org.adw.launcher.permission.READ_SETTINGS in package com.teslacoilsw.launcher
W/PackageManager( 2015): Unknown permission org.adwfreak.launcher.permission.READ_SETTINGS in package com.teslacoilsw.launcher
W/PackageManager( 2015): Unknown permission com.anddoes.launcher.permission.READ_SETTINGS in package com.teslacoilsw.launcher
W/PackageManager( 2015): Unknown permission com.google.android.launcher.permission.READ_SETTINGS in package com.teslacoilsw.launcher
W/PackageManager( 2015): Unknown permission android.permission.READ_MEDIA_STORAGE in package com.android.awgallery
W/PackageManager( 2015): Not granting permission android.permission.WRITE_MEDIA_STORAGE to package com.android.awgallery (protectionLevel=18 flags=0x88bc45)
W/PackageManager( 2015): Not granting permission android.permission.SET_ANIMATION_SCALE to package com.android.awgallery (protectionLevel=50 flags=0x88bc45)
W/PackageManager( 2015): Not granting permission android.permission.MOUNT_UNMOUNT_FILESYSTEMS to package com.android.awgallery (protectionLevel=18 flags=0x88bc45)
W/PackageManager( 2015): Not granting permission android.permission.ACCESS_DOWNLOAD_MANAGER to package com.android.browser (protectionLevel=18 flags=0x89be45)
W/PackageManager( 2015): Not granting permission android.permission.SEND_DOWNLOAD_COMPLETED_INTENTS to package com.android.browser (protectionLevel=2 flags=0x89be45)
