--------- beginning of /dev/log/main
I/installd( 1515): installd firing up
I/DEBUG   ( 1509): debuggerd: Jan  8 2015 15:43:31
--------- beginning of /dev/log/system
I/Vold    ( 1506): Vold 2.1 (the revenge) firing up
D/Vold    ( 1506): Volume sdcard state changing -1 (Initializing) -> 0 (No-Media)
D/Vold    ( 1506): Volume extsd state changing -1 (Initializing) -> 0 (No-Media)
D/Vold    ( 1506): Volume usbhost state changing -1 (Initializing) -> 0 (No-Media)
D/Vold    ( 1506): Volume sdcard state changing 0 (No-Media) -> 1 (Idle-Unmounted)
W/Vold    ( 1506): Duplicate state (1)
D/Vold    ( 1506): Volume sdcard state changing 1 (Idle-Unmounted) -> 2 (Pending)
D/Vold    ( 1506): Volume sdcard state changing 2 (Pending) -> 1 (Idle-Unmounted)
W/Vold    ( 1506): Duplicate state (1)
W/Vold    ( 1506): Duplicate state (1)
W/Vold    ( 1506): Duplicate state (1)
W/Vold    ( 1506): Duplicate state (1)
W/Vold    ( 1506): Duplicate state (1)
D/Vold    ( 1506): Volume extsd state changing 0 (No-Media) -> 2 (Pending)
D/Vold    ( 1506): Volume extsd state changing 2 (Pending) -> 1 (Idle-Unmounted)
I/Netd    ( 1508): Netd 1.0 starting
W/InterfaceController( 1508): Warning (dlopen failed: library "/system/lib/libnetcmdiface.so" not found) while opening the net interface command library
E/        ( 1517): int aw_device_open(const hw_module_t*, const char*, hw_device_t**):AW keymaster open sucessfully!
I/SurfaceFlinger( 1511): SurfaceFlinger is starting
I/SurfaceFlinger( 1511): SurfaceFlinger's main thread ready to run. Initializing graphics H/W...
D/libEGL  ( 1511): loaded /vendor/lib/egl/libEGL_POWERVR_ROGUE.so
D/libEGL  ( 1511): loaded /vendor/lib/egl/libGLESv1_CM_POWERVR_ROGUE.so
E/IMGSRV  ( 1511): :0: OGLES3LIBNAME is /system/vendor/lib/egl/libGLESv2_POWERVR_ROGUE.so
I/mediaserver( 1514): ServiceManager: 0xb7f11508
I/AudioFlinger( 1514): Using default 3000 mSec as standby time.
I/CameraService( 1514): CameraService started (pid=1514)
D/HALCameraFactory( 1514): camera hal version: 3000130327_V1.0
I/CameraService( 1514): Loaded "V4L2Camera Module" camera module
D/HALCameraFactory( 1514): There is 2 attached cameras and 0 removable cameras
I/AudioPolicyManagerBase( 1514): loadAudioPolicyConfig() loaded /system/etc/audio_policy.conf
D/audio_hw_primary( 1514): line:655,select_output_device,adev->mode:0, AUDIO_MODE_RINGTONE:1, AUDIO_MODE_NORMAL:0
V/audio_hw_primary( 1514): huangxin------normal mode, ****LINE:657,FUNC:select_output_device, adev->out_device:2
V/audio_hw_primary( 1514): normal mode , speaker,****LINE:659,FUNC:select_output_device
D/audio_hw_primary( 1514): line:2516,func:adev_open
D/codec_audio( 1514): PROPERTY_VALUE_MAX:92,get ro.sw.audio.codec_plan_name =0
D/codec_audio( 1514): get index =0
V/codec_audio_pad( 1514): ****LINE:196,FUNC:pad_init
D/codec_audio( 1514): key_name:PHONE_EARPIECE 
D/codec_audio( 1514): key_name:PHONE_HEADSET 
D/codec_audio( 1514): key_name:PHONE_SPEAKER 
D/codec_audio( 1514): key_name:BLUETOOTH_UP 
D/codec_audio( 1514): key_name:FM_HEADSET 
D/codec_audio( 1514): key_name:FM_SPEAKER 
D/codec_audio( 1514): get_volume_config pcm_vol: 8
D/bp_audio( 1514): get ro.sw.audio.bp_device_name=0
D/bp_audio( 1514): bp_device_detect index=0
D/audio_hw_primary( 1514): PROPERTY_VALUE_MAX:92,get ro.sw.audio.codec_plan_name =0
E/audio_hw_primary( 1514): OK:  ****LINE:2541,FUNC:adev_open
V/audio_hw_primary( 1514): adev_get_master_volume, line: 2257
V/audio_hw_primary( 1514): adev_set_master_volume, line: 2251
I/AudioFlinger( 1514): loadHwModule() Loaded primary audio interface from sunxi audio HW HAL (audio) handle 1
V/audio_hw_primary( 1514): adev_open_output_stream, flags: 2
V/audio_hw_primary( 1514): +++++++++++++++ adev_open_output_stream: req_sample_rate: 44100, fmt: 1, channel_count: 3
I/AudioFlinger( 1514): HAL output buffer size 2048 frames, normal mix buffer size 2048 frames
I/AudioMixer( 1514): found effect "Multichannel Downmix To Stereo" from The Android Open Source Project
I/AudioFlinger( 1514): Using module 1 has the primary audio interface
I/AudioFlinger( 1514): AudioFlinger's thread 0xb4ca3008 ready to run
W/AudioFlinger( 1514): Thread AudioOut_2 cannot connect to the power manager service
D/audio_hw_primary( 1514): out_standby
W/AudioFlinger( 1514): Thread AudioOut_2 cannot connect to the power manager service
V/audio_hw_primary( 1514): out_set_parameters: routing=2
V/audio_hw_primary( 1514): >>>>>>>> adev->out_device is: 2, val is : 2
W/AudioFlinger( 1514): Thread AudioOut_2 cannot connect to the power manager service
E/AudioFlinger( 1514): no wake lock to update!
V/audio_hw_primary( 1514): adev_set_voice_volume, volume: 1.000000
I/audio_a2dp_hw( 1514): adev_open:  adev_open in A2dp_hw module
I/AudioFlinger( 1514): loadHwModule() Loaded a2dp audio interface from A2DP Audio HW HAL (audio) handle 3
I/AudioFlinger( 1514): loadHwModule() Loaded usb audio interface from USB audio HW HAL (audio) handle 4
I/r_submix( 1514): adev_open(name=audio_hw_if)
I/r_submix( 1514): adev_init_check()
I/AudioFlinger( 1514): loadHwModule() Loaded r_submix audio interface from Wifi Display audio HAL (audio) handle 5
I/AudioPolicyService( 1514): Loaded audio policy from LEGACY Audio Policy HAL (audio_policy)
D/libEGL  ( 1511): loaded /vendor/lib/egl/libGLESv2_POWERVR_ROGUE.so
I/SurfaceFlinger( 1511): Using composer version 1.1
I/SurfaceFlinger( 1511): EGL informations:
I/SurfaceFlinger( 1511): vendor    : Android
I/SurfaceFlinger( 1511): version   : 1.4 Android META-EGL
I/SurfaceFlinger( 1511): extensions: EGL_KHR_get_all_proc_addresses EGL_ANDROID_presentation_time EGL_KHR_image EGL_KHR_image_base EGL_KHR_gl_texture_2D_image EGL_KHR_gl_texture_cubemap_image EGL_KHR_gl_renderbuffer_image EGL_KHR_fence_sync EGL_KHR_create_context EGL_EXT_create_context_robustness EGL_ANDROID_image_native_buffer EGL_KHR_wait_sync EGL_ANDROID_recordable 
I/SurfaceFlinger( 1511): Client API: OpenGL_ES
I/SurfaceFlinger( 1511): EGLSurface: 8-8-8-8, config=0xf
I/SurfaceFlinger( 1511): OpenGL ES informations:
I/SurfaceFlinger( 1511): vendor    : Imagination Technologies
I/SurfaceFlinger( 1511): renderer  : PowerVR Rogue G6230
I/SurfaceFlinger( 1511): version   : OpenGL ES 3.1 build 1.4@3234138
I/SurfaceFlinger( 1511): extensions: GL_EXT_debug_marker GL_EXT_blend_minmax GL_EXT_color_buffer_float GL_EXT_discard_framebuffer GL_EXT_draw_buffers GL_EXT_multi_draw_arrays GL_EXT_multisampled_render_to_texture GL_EXT_occlusion_query_boolean GL_EXT_robustness GL_EXT_separate_shader_objects GL_EXT_shader_framebuffer_fetch GL_EXT_shader_texture_lod GL_EXT_texture_filter_anisotropic GL_EXT_texture_format_BGRA8888 GL_EXT_texture_rg GL_EXT_texture_sRGB_decode GL_IMG_multisampled_render_to_texture GL_IMG_program_binary GL_IMG_read_format GL_IMG_shader_binary GL_IMG_texture_compression_pvrtc GL_IMG_texture_compression_pvrtc2 GL_IMG_texture_format_BGRA8888 GL_IMG_texture_npot GL_KHR_blend_equation_advanced GL_KHR_blend_equation_advanced_coherent GL_KHR_debug GL_OES_compressed_ETC1_RGB8_texture GL_OES_depth24 GL_OES_depth_texture GL_OES_EGL_image GL_OES_EGL_image_external GL_OES_EGL_sync GL_OES_element_index_uint GL_OES_fragment_precision_high GL_OES_get_program_binary GL_OES_mapbuffer GL_OES_packed_depth_stencil GL_OES_required_internalfo
I/SurfaceFlinger( 1511): GL_MAX_TEXTURE_SIZE = 8192
I/SurfaceFlinger( 1511): GL_MAX_VIEWPORT_DIMS = 8192
D/SurfaceFlinger( 1511): Screen acquired, type=0 flinger=0xb83db450
E/hwcomposer( 1511): Assigned framebuffer target layer failed when forceSoftwareRendering!
D/libEGL  ( 1805): loaded /vendor/lib/egl/libEGL_POWERVR_ROGUE.so
D/libEGL  ( 1805): loaded /vendor/lib/egl/libGLESv1_CM_POWERVR_ROGUE.so
E/IMGSRV  ( 1805): :0: OGLES3LIBNAME is /system/vendor/lib/egl/libGLESv2_POWERVR_ROGUE.so
D/libEGL  ( 1805): loaded /vendor/lib/egl/libGLESv2_POWERVR_ROGUE.so
V/NatController( 1508): runCmd(/system/bin/iptables -F natctrl_FORWARD) res=0
V/NatController( 1508): runCmd(/system/bin/iptables -A natctrl_FORWARD -j DROP) res=0
V/NatController( 1508): runCmd(/system/bin/iptables -t nat -F natctrl_nat_POSTROUTING) res=0
V/NatController( 1508): runCmd(/system/bin/ip rule flush) res=0
V/NatController( 1508): runCmd(/system/bin/ip -6 rule flush) res=0
V/NatController( 1508): runCmd(/system/bin/ip rule add from all lookup default prio 32767) res=0
V/NatController( 1508): runCmd(/system/bin/ip rule add from all lookup main prio 32766) res=0
V/NatController( 1508): runCmd(/system/bin/ip -6 rule add from all lookup default prio 32767) res=0
D/AndroidRuntime( 1512): 
D/AndroidRuntime( 1512): >>>>>> AndroidRuntime START com.android.internal.os.ZygoteInit <<<<<<
V/NatController( 1508): runCmd(/system/bin/ip -6 rule add from all lookup main prio 32766) res=0
V/NatController( 1508): runCmd(/system/bin/ip route flush cache) res=0
D/AndroidRuntime( 1512): CheckJNI is OFF
V/NatController( 1508): runCmd(/system/bin/iptables -F natctrl_tether_counters) res=1
V/NatController( 1508): runCmd(/system/bin/iptables -X natctrl_tether_counters) res=1
V/NatController( 1508): runCmd(/system/bin/iptables -N natctrl_tether_counters) res=0
D/dalvikvm( 1512): Trying to load lib libjavacore.so 0x0
D/dalvikvm( 1512): Added shared lib libjavacore.so 0x0
D/dalvikvm( 1512): Trying to load lib libnativehelper.so 0x0
D/dalvikvm( 1512): Added shared lib libnativehelper.so 0x0
D/dalvikvm( 1512): No JNI_OnLoad found in libnativehelper.so 0x0, skipping init
D/MDnsDS  ( 1508): MDnsSdListener::Hander starting up
D/MDnsDS  ( 1508): MDnsSdListener starting to monitor
D/MDnsDS  ( 1508): Going to poll with pollCount 1
E/memtrack( 1512): Couldn't load memtrack module (No such file or directory)
E/android.os.Debug( 1512): failed to load memtrack module: -2
I/SamplingProfilerIntegration( 1512): Profiling disabled.
I/Zygote  ( 1512): Preloading classes...
D/dalvikvm( 1512): Note: class Landroid/app/ActivityManagerNative; has 180 unimplemented (abstract) methods
D/TextLayoutCache( 1512): Using debug level = 0 - Debug Enabled = 0
I/dalvikvm( 1512): threadid=1: recursive native library load attempt (/system/lib/libmedia_jni.so)
D/MtpDeviceJNI( 1512): register_android_mtp_MtpDevice
I/dalvikvm( 1512): threadid=1: recursive native library load attempt (/system/lib/libmedia_jni.so)
I/dalvikvm( 1512): threadid=1: recursive native library load attempt (/system/lib/libmedia_jni.so)
I/dalvikvm( 1512): threadid=1: recursive native library load attempt (/system/lib/libmedia_jni.so)
E/EmojiFactory_jni( 1512): Failed to load libemoji.so: dlopen failed: library "libemoji.so" not found
I/LibraryLoader( 1512): loading: webviewchromium
I/LibraryLoader( 1512): loaded: webviewchromium
W/Zygote  ( 1512): Class not found for preloading: java.lang.UnsafeByteSequence
I/System  ( 1512): Loaded time zone names for "" in 45ms (43ms in ICU)
I/System  ( 1512): Loaded time zone names for "en_US" in 31ms (26ms in ICU)
I/Zygote  ( 1512): ...preloaded 2777 classes in 2118ms.
I/Zygote  ( 1512): Preloading resources...
I/Zygote  ( 1512): ...preloaded 274 resources in 1497ms.
I/Zygote  ( 1512): ...preloaded 31 resources in 8ms.
I/dalvikvm( 1512): System server process 2015 has been created
I/Zygote  ( 1512): Accepting command socket connections
D/SensorService( 2015): nuSensorService starting...
I/SystemServer( 2015): Entered the Android system server!
D/Sensors ( 2015): insmodDevice end!
E/Sensors ( 2015): HAL:Couldn't read compass mounting matrix
V/Sensors ( 2015): HAL:in_use_auto_calibration, disable
V/Sensors ( 2015): 
I/MPL-storeload( 2015): Bytes read = 4340
V/Sensors ( 2015): file size != 92(size=4340), not MA503 selftest cal bin
I/MPL-storeload( 2015): Bytes read = 4340
E/Sensors ( 2015): HAL:Error opening /sys/bus/iio/devices/iio:device0/in_magn_scale
E/Sensors ( 2015): HAL:open of /sys/bus/iio/devices/iio:device0/compass_enable failed with 'No such file or directory' (2)
I/SensorService( 2015): MPL Gyroscope
I/SensorService( 2015): MPL Raw Gyroscope
I/SensorService( 2015): MPL Accelerometer
I/SensorService( 2015): MPL Orientation
I/SensorService( 2015): MPL Rotation Vector
I/SensorService( 2015): MPL Linear Acceleration
I/SensorService( 2015): MPL Gravity
D/SensorService( 2015): Max socket buffer size 131071
D/SensorService( 2015): nuSensorService thread starting...
I/SystemServer( 2015): Waiting for installd to be ready.
I/installd( 1515): new connection
I/Installer( 2015): connecting...
I/SystemServer( 2015): Power Manager
I/SystemServer( 2015): Activity Manager
I/ActivityManager( 2015): Memory class: 192
I/IntentFirewall( 2015): Read new rules (A:0 B:0 S:0)
I/SystemServer( 2015): Display Manager
I/SystemServer( 2015): Telephony Registry
I/DisplayManagerService( 2015): Display device added: DisplayDeviceInfo{"Built-in Screen": 1536 x 2048, 60.000004 fps, density 320, 265.404 x 265.404 dpi, touch INTERNAL, rotation 0, type BUILT_IN, FLAG_DEFAULT_DISPLAY, FLAG_ROTATES_WITH_CONTENT, FLAG_SECURE, FLAG_SUPPORTS_PROTECTED_BUFFERS}
I/SystemServer( 2015): Scheduling Policy
I/SystemServer( 2015): Package Manager
D/SELinuxMMAC( 2015): Couldn't find install policy /data/security/mac_permissions.xml
D/SELinuxMMAC( 2015): Using install policy file /system/etc/security/mac_permissions.xml
W/ResourceType( 2015): Failure getting entry for 0x7f050000 (t=4 e=0) in package 0 (error -75)
W/PackageParser( 2015): No actions in intent filter at /system/app/Bluetooth.apk Binary XML file line #210
W/PackageParser( 2015): No actions in intent filter at /system/app/Contacts.apk Binary XML file line #375
D/PackageManager( 2015): No files in app dir /vendor/app
W/ResourceType( 2015): Failure getting entry for 0x7f09011c (t=8 e=284) in package 0 (error -75)
I/PackageManager( 2015): Time to scan packages: 3.824 seconds
W/PackageManager( 2015): Not granting permission android.permission.CALL_PRIVILEGED to package com.android.contacts (protectionLevel=18 flags=0x48be45)
W/PackageManager( 2015): Not granting permission android.permission.MODIFY_PHONE_STATE to package com.android.contacts (protectionLevel=18 flags=0x48be45)
W/PackageManager( 2015): Not granting permission android.permission.ALLOW_ANY_CODEC_FOR_PLAYBACK to package com.android.contacts (protectionLevel=18 flags=0x48be45)
W/PackageManager( 2015): Not granting permission android.permission.REBOOT to package com.android.contacts (protectionLevel=18 flags=0x48be45)
W/PackageManager( 2015): Unknown permission com.android.launcher.permission.READ_SETTINGS in package com.google.android.onetimeinitializer
W/PackageManager( 2015): Unknown permission com.android.launcher.permission.WRITE_SETTINGS in package com.google.android.onetimeinitializer
W/PackageManager( 2015): Unknown permission com.android.launcher.permission.PRELOAD_WORKSPACE in package com.google.android.partnersetup
W/PackageManager( 2015): Not granting permission android.permission.WRITE_MEDIA_STORAGE to package com.android.calculator2 (protectionLevel=18 flags=0x8be45)
W/PackageManager( 2015): Not granting permission android.permission.WRITE_MEDIA_STORAGE to package com.jui.gallery3d (protectionLevel=18 flags=0x18bc45)
W/PackageManager( 2015): Not granting permission android.permission.MOUNT_UNMOUNT_FILESYSTEMS to package com.jui.gallery3d (protectionLevel=18 flags=0x18bc45)
W/PackageManager( 2015): Unknown permission com.android.vending.billing.IBillingAccountService.BIND2 in package com.google.android.gsf.login
W/PackageManager( 2015): Unknown permission com.google.android.gallery3d.permission.GALLERY_PROVIDER in package com.android.bluetooth
W/PackageManager( 2015): Unknown permission com.android.gallery3d.permission.GALLERY_PROVIDER in package com.android.bluetooth
W/PackageManager( 2015): Unknown permission android.permission.MMS_SEND_OUTBOX_MSG in package com.android.bluetooth
W/PackageManager( 2015): Unknown permission com.htc.launcher.permission.READ_SETTINGS in package com.teslacoilsw.launcher
W/PackageManager( 2015): Unknown permission com.android.launcher.permission.READ_SETTINGS in package com.teslacoilsw.launcher
W/PackageManager( 2015): Unknown permission com.cyanogenmod.trebuchet.permission.READ_SETTINGS in package com.teslacoilsw.launcher
W/PackageManager( 2015): Unknown permission org.adw.launcher.permission.READ_SETTINGS in package com.teslacoilsw.launcher
W/PackageManager( 2015): Unknown permission org.adwfreak.launcher.permission.READ_SETTINGS in package com.teslacoilsw.launcher
W/PackageManager( 2015): Unknown permission com.anddoes.launcher.permission.READ_SETTINGS in package com.teslacoilsw.launcher
W/PackageManager( 2015): Unknown permission com.google.android.launcher.permission.READ_SETTINGS in package com.teslacoilsw.launcher
W/PackageManager( 2015): Unknown permission android.permission.READ_MEDIA_STORAGE in package com.android.awgallery
W/PackageManager( 2015): Not granting permission android.permission.WRITE_MEDIA_STORAGE to package com.android.awgallery (protectionLevel=18 flags=0x8bc45)
W/PackageManager( 2015): Not granting permission android.permission.SET_ANIMATION_SCALE to package com.android.awgallery (protectionLevel=50 flags=0x8bc45)
W/PackageManager( 2015): Not granting permission android.permission.MOUNT_UNMOUNT_FILESYSTEMS to package com.android.awgallery (protectionLevel=18 flags=0x8bc45)
W/PackageManager( 2015): Not granting permission android.permission.ACCESS_DOWNLOAD_MANAGER to package com.android.browser (protectionLevel=18 flags=0x9be45)
W/PackageManager( 2015): Not granting permission android.permission.SEND_DOWNLOAD_COMPLETED_INTENTS to package com.android.browser (protectionLevel=2 flags=0x9be45)
W/PackageManager( 2015): Unknown permission com.android.launcher.permission.READ_SETTINGS in package com.android.onetimeinitializer
W/PackageManager( 2015): Unknown permission com.android.launcher.permission.WRITE_SETTINGS in package com.android.onetimeinitializer
W/PackageManager( 2015): Not granting permission android.permission.BROADCAST_PACKAGE_REMOVED to package com.google.android.marvin.talkback (protectionLevel=2 flags=0x49be45)
W/PackageManager( 2015): Unknown permission com.google.android.gallery3d.permission.PICASA_STORE in package com.android.dreams.phototable
W/PackageManager( 2015): Unknown permission com.android.launcher.permission.READ_SETTINGS in package com.android.settings
W/PackageManager( 2015): Unknown permission com.android.launcher.permission.WRITE_SETTINGS in package com.android.settings
W/PackageManager( 2015): Unknown permission com.android.launcher.permission.READ_SETTINGS in package com.google.android.googlequicksearchbox
W/PackageManager( 2015): Unknown permission com.android.launcher.permission.WRITE_SETTINGS in package com.google.android.googlequicksearchbox
W/PackageManager( 2015): Unknown permission com.google.android.voicesearch.SHORTCUTS_ACCESS in package com.google.android.googlequicksearchbox
W/PackageManager( 2015): Unknown permission com.google.android.voicesearch.ACCESS_SETTINGS in package com.google.android.googlequicksearchbox
W/PackageManager( 2015): Unknown permission com.google.android.ears.permission.WRITE in package com.google.android.googlequicksearchbox
W/PackageManager( 2015): Unknown permission com.google.android.apps.googlevoice.permission.AUTO_SEND in package com.google.android.googlequicksearchbox
W/PackageManager( 2015): Unknown permission com.google.android.gm.permission.AUTO_SEND in package com.google.android.googlequicksearchbox
W/PackageManager( 2015): Not granting permission android.permission.SEND_DOWNLOAD_COMPLETED_INTENTS to package com.android.vending (protectionLevel=2 flags=0x400abe45)
W/PackageManager( 2015): Unknown permission android.permission.SEND_SMS_NO_CONFIRMATION in package com.android.vending
W/PackageManager( 2015): Not granting permission android.permission.READ_LOGS to package com.softwinner.fireplayer (protectionLevel=50 flags=0x8be45)
W/PackageManager( 2015): Not granting permission android.permission.INSTALL_PACKAGES to package com.softwinner.fireplayer (protectionLevel=18 flags=0x8be45)
W/PackageManager( 2015): Unknown permission android.permission.USES_POLICY_FORCE_LOCK in package com.android.systemui
W/PackageManager( 2015): Not granting permission android.permission.INSTALL_PACKAGES to package com.jianui.filemanager (protectionLevel=18 flags=0x8be45)
W/PackageManager( 2015): Not granting permission android.permission.DELETE_PACKAGES to package com.jianui.filemanager (protectionLevel=18 flags=0x8be45)
W/PackageManager( 2015): Unknown permission com.android.launcher.permission.READ_SETTINGS in package com.jianui.filemanager
W/PackageManager( 2015): Unknown permission com.android.launcher.permission.WRITE_SETTINGS in package com.jianui.filemanager
W/PackageManager( 2015): Not granting permission android.permission.MOUNT_UNMOUNT_FILESYSTEMS to package com.jianui.filemanager (protectionLevel=18 flags=0x8be45)
W/PackageManager( 2015): Not granting permission android.permission.ACCOUNT_MANAGER to package com.jianui.filemanager (protectionLevel=2 flags=0x8be45)
W/PackageManager( 2015): Not granting permission android.permission.WRITE_MEDIA_STORAGE to package com.estrongs.android.pop (protectionLevel=18 flags=0x48be44)
W/PackageManager( 2015): Unknown permission .PERMISSION in package com.estrongs.android.pop
W/PackageManager( 2015): Not granting permission android.permission.REBOOT to package eu.chainfire.supersu (protectionLevel=18 flags=0x83e05)
W/PackageManager( 2015): Not granting permission android.permission.DEVICE_POWER to package com.android.deskclock (protectionLevel=2 flags=0x8be45)
W/PackageManager( 2015): Not granting permission android.permission.READ_DREAM_STATE to package com.google.android.gsf (protectionLevel=2 flags=0x40083e45)
W/PackageManager( 2015): Unknown permission com.chrome.permission.DEVICE_EXTRAS in package com.android.chrome
W/PackageManager( 2015): Unknown permission com.sec.enterprise.knox.MDM_CONTENT_PROVIDER in package com.android.chrome
I/SystemServer( 2015): Entropy Mixer
I/EntropyMixer( 2015): Writing entropy...
I/SystemServer( 2015): User Service
I/SystemServer( 2015): Account Manager
I/SystemServer( 2015): Content Manager
I/SystemServer( 2015): System Content Providers
I/SystemServer( 2015): Lights Service
I/SystemServer( 2015): Battery Service
I/DynamicPManagerService( 2015): register boot completed receiver
E/ConsumerIrService( 2015): Can't open consumer IR HW Module, error: -2
I/libsuspend( 2015): Selected early suspend
I/libsuspend( 2015): Starting early suspend unblocker thread
D/PermissionCache( 1511): checking android.permission.ACCESS_SURFACE_FLINGER for uid=1000 => granted (325 us)
D/SurfaceFlinger( 1511): Screen acquired, type=0 flinger=0xb83db450
D/SurfaceFlinger( 1511):  screen was previously acquired
D/AlarmManagerService( 2015): Kernel timezone updated to 0 minutes west of GMT
I/SystemServer( 2015): Dynamic Power Manager Service
I/SystemServer( 2015): Vibrator Service
I/SystemServer( 2015): Consumer IR Service
I/SystemServer( 2015): Alarm Manager
I/SystemServer( 2015): Init Watchdog
I/SystemServer( 2015): Input Manager
I/InputManager( 2015): Initializing input manager, mUseDevInputEventForAudioJack=false
I/SystemServer( 2015): Window Manager
I/WindowManager( 2015): No existing display settings /data/system/display_settings.xml; starting empty
D/WindowManager( 2015): update Settings mBootFastEnable = false
D/SensorManager( 2015): >>>>>>> set discard sensrtime =3
D/EventHub( 2015): No input device configuration file found for device 'gt9xxnew_ts'.
I/WindowManager( 2015): No keyguard interface!
I/InputManager( 2015): Starting input manager
I/SystemServer( 2015): Bluetooth Manager Service
W/EventHub( 2015): Unable to disable kernel key repeat for /dev/input/event5: Function not implemented
I/EventHub( 2015): New device: id=1, fd=97, path='/dev/input/event5', name='gt9xxnew_ts', classes=0x15, configuration='', keyLayout='/system/usr/keylayout/Generic.kl', keyCharacterMap='/system/usr/keychars/Generic.kcm', builtinKeyboard=false, usingSuspendBlockIoctl=true, usingClockIoctl=true
D/EventHub( 2015): No input device configuration file found for device 'axp22-supplyer'.
D/BluetoothManagerService( 2015): Loading stored name and address
D/BluetoothManagerService( 2015): Stored bluetooth Name=V989 Core8,Address=22:22:54:08:5D:7D
W/EventHub( 2015): Unable to disable kernel key repeat for /dev/input/event0: Function not implemented
I/EventHub( 2015): New device: id=2, fd=98, path='/dev/input/event0', name='axp22-supplyer', classes=0x1, configuration='', keyLayout='/system/usr/keylayout/Generic.kl', keyCharacterMap='/system/usr/keychars/Generic.kcm', builtinKeyboard=false, usingSuspendBlockIoctl=true, usingClockIoctl=true
D/EventHub( 2015): No input device configuration file found for device 'sunxi-ths'.
D/System  ( 2015): -^__^- -^__^- -^__^- sys.start_shutdown 0
I/SystemServer( 2015): Input Method Service
W/InputMethodManagerService( 2015): Couldn't create dir.: /data/system/inputmethod
D/SensorManager( 2015): discard gsensor data ...
I/SystemServer( 2015): Accessibility Manager
I/ActivityManager( 2015): Config changes=1df8 {1.0 ?mcc?mnc en_US ldltr sw768dp w768dp h1024dp 320dpi xlrg port ?uimode ?night -touch -keyb/v/h -nav/h s.2}
I/ActivityManager( 2015): Config changes=400 {1.0 ?mcc?mnc en_US ldltr sw768dp w768dp h951dp 320dpi xlrg port ?uimode ?night -touch -keyb/v/h -nav/h s.3}
I/SystemServer( 2015): Mount Service
D/MountService( 2015): got storage path: /mnt/sdcard description: Internal storage primary: true removable: false emulated: false mtpReserve: 100 allowMassStorage: true maxFileSize: 0
D/MountService( 2015): addVolumeLocked() StorageVolume:
D/MountService( 2015):     mStorageId=0 mPath=/mnt/sdcard mDescriptionId=17040666 mPrimary=true 
D/MountService( 2015):     mRemovable=false mEmulated=false mMtpReserveSpace=100 
D/MountService( 2015):     mAllowMassStorage=true mMaxFileSize=0 mOwner=null mUuid=null 
D/MountService( 2015):     mUserLabel=null mState=null 
D/MountService( 2015): got storage path: /mnt/extsd description: SD card primary: false removable: true emulated: false mtpReserve: 0 allowMassStorage: true maxFileSize: 0
D/MountService( 2015): addVolumeLocked() StorageVolume:
D/MountService( 2015):     mStorageId=0 mPath=/mnt/extsd mDescriptionId=17040667 mPrimary=false 
D/MountService( 2015):     mRemovable=true mEmulated=false mMtpReserveSpace=0 mAllowMassStorage=true 
D/MountService( 2015):     mMaxFileSize=0 mOwner=null mUuid=null mUserLabel=null mState=null 
D/MountService( 2015): got storage path: /mnt/usbhost description: USB storage primary: false removable: true emulated: false mtpReserve: 0 allowMassStorage: false maxFileSize: 0
D/MountService( 2015): addVolumeLocked() StorageVolume:
D/MountService( 2015):     mStorageId=0 mPath=/mnt/usbhost mDescriptionId=17040668 mPrimary=false 
D/MountService( 2015):     mRemovable=true mEmulated=false mMtpReserveSpace=0 mAllowMassStorage=false 
D/MountService( 2015):     mMaxFileSize=0 mOwner=null mUuid=null mUserLabel=null mState=null 
D/SensorManager( 2015): discard gsensor data ...
I/PackageManager( 2015): No secure containers on sdcard
I/SystemServer( 2015): LockSettingsService
I/SystemServer( 2015): Device Policy
I/SystemServer( 2015): Status Bar
I/SystemServer( 2015): Clipboard Service
I/SystemServer( 2015): NetworkManagement Service
W/MountService( 2015): Duplicate state transition (unmounted -> unmounted) for /mnt/sdcard
W/MountService( 2015): Duplicate state transition (unmounted -> unmounted) for /mnt/extsd
D/MountService( 2015): volume state changed for /mnt/usbhost (unmounted -> removed)
W/MountService( 2015): getSecureContainerList() called when storage not mounted
I/SystemServer( 2015): Text Service Manager Service
W/PackageManager( 2015): Not granting permission android.permission.CALL_PRIVILEGED to package com.android.contacts (protectionLevel=18 flags=0x48be45)
W/PackageManager( 2015): Not granting permission android.permission.MODIFY_PHONE_STATE to package com.android.contacts (protectionLevel=18 flags=0x48be45)
W/PackageManager( 2015): Not granting permission android.permission.ALLOW_ANY_CODEC_FOR_PLAYBACK to package com.android.contacts (protectionLevel=18 flags=0x48be45)
W/PackageManager( 2015): Not granting permission android.permission.REBOOT to package com.android.contacts (protectionLevel=18 flags=0x48be45)
W/PackageManager( 2015): Unknown permission com.android.launcher.permission.READ_SETTINGS in package com.google.android.onetimeinitializer
W/PackageManager( 2015): Unknown permission com.android.launcher.permission.WRITE_SETTINGS in package com.google.android.onetimeinitializer
W/PackageManager( 2015): Unknown permission com.android.launcher.permission.PRELOAD_WORKSPACE in package com.google.android.partnersetup
W/PackageManager( 2015): Not granting permission android.permission.WRITE_MEDIA_STORAGE to package com.android.calculator2 (protectionLevel=18 flags=0x8be45)
W/PackageManager( 2015): Not granting permission android.permission.WRITE_MEDIA_STORAGE to package com.jui.gallery3d (protectionLevel=18 flags=0x18bc45)
W/PackageManager( 2015): Not granting permission android.permission.MOUNT_UNMOUNT_FILESYSTEMS to package com.jui.gallery3d (protectionLevel=18 flags=0x18bc45)
W/PackageManager( 2015): Unknown permission com.android.vending.billing.IBillingAccountService.BIND2 in package com.google.android.gsf.login
W/PackageManager( 2015): Unknown permission com.google.android.gallery3d.permission.GALLERY_PROVIDER in package com.android.bluetooth
W/PackageManager( 2015): Unknown permission com.android.gallery3d.permission.GALLERY_PROVIDER in package com.android.bluetooth
W/PackageManager( 2015): Unknown permission android.permission.MMS_SEND_OUTBOX_MSG in package com.android.bluetooth
W/PackageManager( 2015): Unknown permission com.htc.launcher.permission.READ_SETTINGS in package com.teslacoilsw.launcher
W/PackageManager( 2015): Unknown permission com.android.launcher.permission.READ_SETTINGS in package com.teslacoilsw.launcher
W/PackageManager( 2015): Unknown permission com.cyanogenmod.trebuchet.permission.READ_SETTINGS in package com.teslacoilsw.launcher
W/PackageManager( 2015): Unknown permission org.adw.launcher.permission.READ_SETTINGS in package com.teslacoilsw.launcher
W/PackageManager( 2015): Unknown permission org.adwfreak.launcher.permission.READ_SETTINGS in package com.teslacoilsw.launcher
W/PackageManager( 2015): Unknown permission com.anddoes.launcher.permission.READ_SETTINGS in package com.teslacoilsw.launcher
W/PackageManager( 2015): Unknown permission com.google.android.launcher.permission.READ_SETTINGS in package com.teslacoilsw.launcher
W/PackageManager( 2015): Unknown permission android.permission.READ_MEDIA_STORAGE in package com.android.awgallery
W/PackageManager( 2015): Not granting permission android.permission.WRITE_MEDIA_STORAGE to package com.android.awgallery (protectionLevel=18 flags=0x8bc45)
W/PackageManager( 2015): Not granting permission android.permission.SET_ANIMATION_SCALE to package com.android.awgallery (protectionLevel=50 flags=0x8bc45)
W/PackageManager( 2015): Not granting permission android.permission.MOUNT_UNMOUNT_FILESYSTEMS to package com.android.awgallery (protectionLevel=18 flags=0x8bc45)
W/PackageManager( 2015): Not granting permission android.permission.ACCESS_DOWNLOAD_MANAGER to package com.android.browser (protectionLevel=18 flags=0x9be45)
W/PackageManager( 2015): Not granting permission android.permission.SEND_DOWNLOAD_COMPLETED_INTENTS to package com.android.browser (protectionLevel=2 flags=0x9be45)
W/PackageManager( 2015): Unknown permission com.android.launcher.permission.READ_SETTINGS in package com.android.onetimeinitializer
W/PackageManager( 2015): Unknown permission com.android.launcher.permission.WRITE_SETTINGS in package com.android.onetimeinitializer
W/PackageManager( 2015): Not granting permission android.permission.BROADCAST_PACKAGE_REMOVED to package com.google.android.marvin.talkback (protectionLevel=2 flags=0x49be45)
W/PackageManager( 2015): Unknown permission com.google.android.gallery3d.permission.PICASA_STORE in package com.android.dreams.phototable
W/PackageManager( 2015): Unknown permission com.android.launcher.permission.READ_SETTINGS in package com.android.settings
W/PackageManager( 2015): Unknown permission com.android.launcher.permission.WRITE_SETTINGS in package com.android.settings
W/PackageManager( 2015): Unknown permission com.android.launcher.permission.READ_SETTINGS in package com.google.android.googlequicksearchbox
W/PackageManager( 2015): Unknown permission com.android.launcher.permission.WRITE_SETTINGS in package com.google.android.googlequicksearchbox
W/PackageManager( 2015): Unknown permission com.google.android.voicesearch.SHORTCUTS_ACCESS in package com.google.android.googlequicksearchbox
W/PackageManager( 2015): Unknown permission com.google.android.voicesearch.ACCESS_SETTINGS in package com.google.android.googlequicksearchbox
W/PackageManager( 2015): Unknown permission com.google.android.ears.permission.WRITE in package com.google.android.googlequicksearchbox
W/PackageManager( 2015): Unknown permission com.google.android.apps.googlevoice.permission.AUTO_SEND in package com.google.android.googlequicksearchbox
W/PackageManager( 2015): Unknown permission com.google.android.gm.permission.AUTO_SEND in package com.google.android.googlequicksearchbox
W/PackageManager( 2015): Not granting permission android.permission.SEND_DOWNLOAD_COMPLETED_INTENTS to package com.android.vending (protectionLevel=2 flags=0x400abe45)
W/PackageManager( 2015): Unknown permission android.permission.SEND_SMS_NO_CONFIRMATION in package com.android.vending
W/PackageManager( 2015): Not granting permission android.permission.READ_LOGS to package com.softwinner.fireplayer (protectionLevel=50 flags=0x8be45)
W/PackageManager( 2015): Not granting permission android.permission.INSTALL_PACKAGES to package com.softwinner.fireplayer (protectionLevel=18 flags=0x8be45)
W/PackageManager( 2015): Unknown permission android.permission.USES_POLICY_FORCE_LOCK in package com.android.systemui
W/PackageManager( 2015): Not granting permission android.permission.INSTALL_PACKAGES to package com.jianui.filemanager (protectionLevel=18 flags=0x8be45)
W/PackageManager( 2015): Not granting permission android.permission.DELETE_PACKAGES to package com.jianui.filemanager (protectionLevel=18 flags=0x8be45)
W/PackageManager( 2015): Unknown permission com.android.launcher.permission.READ_SETTINGS in package com.jianui.filemanager
W/PackageManager( 2015): Unknown permission com.android.launcher.permission.WRITE_SETTINGS in package com.jianui.filemanager
W/PackageManager( 2015): Not granting permission android.permission.MOUNT_UNMOUNT_FILESYSTEMS to package com.jianui.filemanager (protectionLevel=18 flags=0x8be45)
W/PackageManager( 2015): Not granting permission android.permission.ACCOUNT_MANAGER to package com.jianui.filemanager (protectionLevel=2 flags=0x8be45)
W/PackageManager( 2015): Not granting permission android.permission.WRITE_MEDIA_STORAGE to package com.estrongs.android.pop (protectionLevel=18 flags=0x48be44)
W/PackageManager( 2015): Unknown permission .PERMISSION in package com.estrongs.android.pop
W/PackageManager( 2015): Not granting permission android.permission.REBOOT to package eu.chainfire.supersu (protectionLevel=18 flags=0x83e05)
W/PackageManager( 2015): Not granting permission android.permission.DEVICE_POWER to package com.android.deskclock (protectionLevel=2 flags=0x8be45)
W/PackageManager( 2015): Not granting permission android.permission.READ_DREAM_STATE to package com.google.android.gsf (protectionLevel=2 flags=0x40083e45)
W/PackageManager( 2015): Unknown permission com.chrome.permission.DEVICE_EXTRAS in package com.android.chrome
W/PackageManager( 2015): Unknown permission com.sec.enterprise.knox.MDM_CONTENT_PROVIDER in package com.android.chrome
D/SensorManager( 2015): discard gsensor data ...
D/EventHub( 2015): No input device configuration file found for device 'switch'.
W/EventHub( 2015): Unable to disable kernel key repeat for /dev/input/event3: Function not implemented
I/EventHub( 2015): New device: id=4, fd=107, path='/dev/input/event3', name='switch', classes=0x1, configuration='', keyLayout='/system/usr/keylayout/Generic.kl', keyCharacterMap='/system/usr/keychars/Generic.kcm', builtinKeyboard=false, usingSuspendBlockIoctl=true, usingClockIoctl=true
D/EventHub( 2015): No input device configuration file found for device 'headset'.
W/EventHub( 2015): Unable to disable kernel key repeat for /dev/input/event2: Function not implemented
I/EventHub( 2015): New device: id=5, fd=108, path='/dev/input/event2', name='headset', classes=0x1, configuration='', keyLayout='/system/usr/keylayout/Generic.kl', keyCharacterMap='/system/usr/keychars/Generic.kcm', builtinKeyboard=false, usingSuspendBlockIoctl=true, usingClockIoctl=true
D/EventHub( 2015): No input device configuration file found for device 'sunxi-keyboard'.
W/EventHub( 2015): Unable to disable kernel key repeat for /dev/input/event1: Function not implemented
I/EventHub( 2015): New device: id=6, fd=106, path='/dev/input/event1', name='sunxi-keyboard', classes=0x1, configuration='', keyLayout='/system/usr/keylayout/sunxi-keyboard.kl', keyCharacterMap='/system/usr/keychars/Generic.kcm', builtinKeyboard=false, usingSuspendBlockIoctl=true, usingClockIoctl=true
E/EventHub( 2015): could not get driver version for /dev/input/mice, Not a typewriter
I/SystemServer( 2015): NetworkStats Service
I/SystemServer( 2015): NetworkPolicy Service
I/SystemServer( 2015): Wi-Fi P2pService
I/SystemServer( 2015): Ethernet Service
I/EthernetService( 2015): EthernetService Starting......
I/SystemServer( 2015): Wi-Fi Service
D/WifiHW  ( 2015): Enter wifi_unload_driver Function.
I/SystemServer( 2015): Connectivity Service
D/ConnectivityService( 2015): ConnectivityService starting up
D/ConnectivityService( 2015): wifiOnly=false
D/BluetoothTethering( 2015): startMonitoring: target: Handler (com.android.server.ConnectivityService$NetworkStateTrackerHandler) {41ea57a8}
D/BluetoothTethering( 2015): startMonitoring: mCsHandler: Handler (com.android.server.ConnectivityService$NetworkStateTrackerHandler) {41ea57a8}
D/BluetoothManagerService( 2015): Message: 20
D/BluetoothManagerService( 2015): Added callback: android.bluetooth.BluetoothAdapter$1@41cd35b0:true
D/BluetoothManagerService( 2015): Message: 30
W/ContextImpl( 2015): Calling a method in the system process without a qualified user: android.app.ContextImpl.bindService:1543 android.bluetooth.BluetoothPan.doBind:149 android.bluetooth.BluetoothPan.<init>:141 android.bluetooth.BluetoothAdapter.getProfileProxy:1190 android.bluetooth.BluetoothTetheringDataTracker.startMonitoring:116 
I/InputReader( 2015): Device added: id=-1, name='Virtual', sources=0x00000301
I/InputReader( 2015): Device added: id=6, name='sunxi-keyboard', sources=0x00000101
I/InputReader( 2015): Device added: id=5, name='headset', sources=0x00000101
I/InputReader( 2015): Device added: id=4, name='switch', sources=0x00000101
I/InputReader( 2015): Device added: id=2, name='axp22-supplyer', sources=0x00000101
I/InputReader( 2015):   Touch device 'gt9xxnew_ts' could not query the properties of its associated display.  The device will be inoperable until the display size becomes available.
I/InputReader( 2015): Device added: id=1, name='gt9xxnew_ts', sources=0x00001103
E/SHUGE   ( 2015): mEthManage is OKKKKKKKKKKKKKKKKKKKKKKKKKKKKKKKKKKKKKKK
D/InputManager-JNI( 2015): notifyConfigurationChanged - when=17615033011
I/InputReader( 2015): Reconfiguring input devices.  changes=0x00000004
I/InputReader( 2015): Device reconfigured: id=1, name='gt9xxnew_ts', size 1536x2048, orientation 0, mode 1, display id 0
I/ActivityManager( 2015): Config changes=8 {1.0 ?mcc?mnc en_US ldltr sw768dp w768dp h951dp 320dpi xlrg port ?uimode ?night finger -keyb/v/h -nav/h s.4}
D/Ethernet( 2015): ConnectNetwork
D/WifiController( 2015): WifiController msg { when=0 what=155656 target=com.android.internal.util.StateMachine$SmHandler } deferred for 466ms
E/MobileDataStateTracker( 2015): default: Ignoring feature request because could not acquire PhoneService
E/MobileDataStateTracker( 2015): default: Could not enable APN type "default"
D/AlarmManager( 2015): Target = android creator = android type = 3 action = android.net.ConnectivityService.action.PKT_CNT_SAMPLE_INTERVAL_ELAPSED
I/WifiService( 2015): WifiService starting up with Wi-Fi enabled
D/WifiService( 2015): setWifiEnabled: true pid=2015, uid=1000
I/SystemServer( 2015): Network Service Discovery Service
D/NsdService( 2015): Network service discovery enabled true
I/SystemServer( 2015): UpdateLock Service
I/SystemServer( 2015): Notification Manager
I/SystemServer( 2015): Device Storage Monitor
I/SystemServer( 2015): Location Manager
I/SystemServer( 2015): Country Detector
I/SystemServer( 2015): Search Service
I/SystemServer( 2015): DropBox Service
I/SystemServer( 2015): Wallpaper Service
I/SystemServer( 2015): Audio Service
V/audio_hw_primary( 1514): adev_set_voice_volume, volume: 0.800000
I/SystemServer( 2015): Dock Observer
W/DockObserver( 2015): This kernel does not have dock station support
I/SystemServer( 2015): Wired Accessory Manager
W/WiredAccessoryManager( 2015): This kernel does not have usb audio support
I/SystemServer( 2015): USB Service
I/SystemServer( 2015): Serial Service
I/SystemServer( 2015): Twilight Service
I/SystemServer( 2015): UI Mode Manager Service
I/SystemServer( 2015): Backup Service
V/BackupManagerService( 2015): Initializing package tracking
V/BackupManagerService( 2015): No ancestral data
V/BackupManagerService( 2015): addPackageParticipantsLocked: all
I/BackupManagerService( 2015): Scheduling backup for new app com.android.browser
D/BackupManagerService( 2015): Now staging backup of com.android.browser
I/BackupManagerService( 2015): Scheduling backup for new app com.android.providers.userdictionary
D/BackupManagerService( 2015): Now staging backup of com.android.providers.userdictionary
I/BackupManagerService( 2015): Scheduling backup for new app com.android.sharedstoragebackup
D/BackupManagerService( 2015): Now staging backup of com.android.sharedstoragebackup
I/BackupManagerService( 2015): Scheduling backup for new app com.google.android.marvin.talkback
D/BackupManagerService( 2015): Now staging backup of com.google.android.marvin.talkback
I/BackupManagerService( 2015): Scheduling backup for new app android
D/BackupManagerService( 2015): Now staging backup of android
I/BackupManagerService( 2015): Scheduling backup for new app com.google.android.googlequicksearchbox
D/BackupManagerService( 2015): Now staging backup of com.google.android.googlequicksearchbox
I/BackupManagerService( 2015): Scheduling backup for new app com.android.vending
D/BackupManagerService( 2015): Now staging backup of com.android.vending
I/BackupManagerService( 2015): Scheduling backup for new app com.android.providers.settings
D/BackupManagerService( 2015): Now staging backup of com.android.providers.settings
I/BackupManagerService( 2015): Scheduling backup for new app com.google.android.calendar
D/BackupManagerService( 2015): Now staging backup of com.google.android.calendar
V/BackupManagerService( 2015): Starting with transport android/com.android.internal.backup.LocalTransport
V/BackupManagerService( 2015): Found transports: 2
I/BackupManagerService( 2015): Binding to transport host ComponentInfo{android/com.android.internal.backup.LocalTransportService}
I/BackupManagerService( 2015): Binding to transport host ComponentInfo{com.google.android.backuptransport/com.google.android.backup.BackupTransportService}
I/BackupManagerService( 2015): Found stale backup journal, scheduling
I/BackupManagerService( 2015):   com.android.browser
I/BackupManagerService( 2015):   com.android.providers.userdictionary
I/BackupManagerService( 2015):   com.android.sharedstoragebackup
I/BackupManagerService( 2015):   com.google.android.marvin.talkback
I/BackupManagerService( 2015):   android
I/BackupManagerService( 2015):   com.google.android.googlequicksearchbox
I/BackupManagerService( 2015):   com.android.vending
I/BackupManagerService( 2015):   com.android.providers.settings
I/BackupManagerService( 2015):   com.google.android.calendar
I/BackupManagerService( 2015): Backup enabled => false
I/BackupManagerService( 2015): Opting out of backup
I/SystemServer( 2015): AppWidget Service
I/SystemServer( 2015): Recognition Service
I/SystemServer( 2015): DiskStats Service
I/SystemServer( 2015): SamplingProfiler Service
I/SystemServer( 2015): NetworkTimeUpdateService
I/SystemServer( 2015): CommonTimeManagementService
I/SystemServer( 2015): CertBlacklister
I/SystemServer( 2015): Dreams Service
I/SystemServer( 2015): Assets Atlas Service
I/WindowManager( 2015): SAFE MODE not enabled
D/dalvikvm( 2015): JIT started for system_server
I/SystemServer( 2015): IdleMaintenanceService
I/SystemServer( 2015): Print Service
I/SystemServer( 2015): Media Router Service
D/Atlas   ( 2015): Loaded configuration: SliceMinArea (768x768) flags=0x2 count=25
D/libEGL  ( 2015): loaded /vendor/lib/egl/libEGL_POWERVR_ROGUE.so
I/Zygote  ( 2015): Process: zygote socket opened
D/libEGL  ( 2015): loaded /vendor/lib/egl/libGLESv1_CM_POWERVR_ROGUE.so
E/IMGSRV  ( 2015): :0: OGLES3LIBNAME is /system/vendor/lib/egl/libGLESv2_POWERVR_ROGUE.so
D/libEGL  ( 2015): loaded /vendor/lib/egl/libGLESv2_POWERVR_ROGUE.so
D/libcheckfile( 2015): checkfile_init
V/KeyguardServiceDelegate( 2015): *** Keyguard started
V/KeyguardServiceDelegate( 2015): onSystemReady() called before keyguard service was ready
I/ActivityManager( 2015): Start proc com.android.systemui for service com.android.keyguard/.KeyguardService: pid=2080 uid=10011 gids={50011, 1028, 1015, 1035, 3002, 3001}
D/WindowManager( 2015): update Settings mBootFastEnable = false
D/SurfaceFlinger( 1511): ####setDisplayParameter: dispId=0, cmd = 2, para0 = 0, para1= 0, para2 = 0
D/SurfaceFlinger( 1511): ####setDisplayParameter: dispId=0, cmd = 2, para0 = 1, para1= 0, para2 = 0
D/SurfaceFlinger( 1511): ####setDisplayParameter: dispId=0, cmd = 3, para0 = 0, para1= 0, para2 = 0
D/SurfaceFlinger( 1511): ####setDisplayParameter: dispId=1, cmd = 6, para0 = 4, para1= 10, para2 = 0
D/SurfaceFlinger( 1511): ####setDisplayParameter: dispId=1, cmd = 7, para0 = 100, para1= 100, para2 = 0
V/DisplayManagerService( 2015): update:brightnessLightMode=1
V/DisplayManagerService( 2015): update:hdmiOutputMode=10
V/DisplayManagerService( 2015): update:isFullScreen=true
V/DisplayManagerService( 2015): update:hdmiPersent=25700
I/AppOps  ( 2015): Pruning old package media/1013: new uid=-1
I/ActivityManager( 2015): System now ready
D/Atlas   ( 2015): Rendered atlas in 79.15ms (2.42+76.73ms)
I/SystemServer( 2015): Making services ready
D/NetworkManagementService( 2015): enabling bandwidth control
I/Vold    ( 1506): Volume::mountVol: getMountpoint() /mnt/extsd
I/Vold    ( 1506): /dev/block/vold/179:49 being considered for volume extsd
D/Vold    ( 1506): Volume extsd state changing 1 (Idle-Unmounted) -> 3 (Checking)
I/Vold    ( 1506): Exfat::check
D/MountService( 2015): volume state changed for /mnt/extsd (unmounted -> checking)
D/MountService( 2015): sendStorageIntent Intent { act=android.intent.action.MEDIA_CHECKING dat=file:///mnt/extsd (has extras) } to UserHandle{-1}
I/fsck.exfat( 1506): exfatfsck 0.9.5
I/fsck.exfat( 1506): ERROR: exFAT file system is not found.
I/fsck.exfat( 1506): fsck.exfat terminated by exit(1)
E/Vold    ( 1506): Filesystem check failed (unknown exit code 1)
I/Vold    ( 1506): Fat::check /dev/block/vold/179:49
I/fsck_msdos( 1506): ** /dev/block/vold/179:49
I/fsck_msdos( 1506): ** Phase 1 - Read FAT (compare skipped)
I/fsck_msdos( 1506): Attempting to allocate 30130 KB for FAT
V/KeyguardService( 2080): onCreate()
D/WifiController( 2015): DEFERRED_TOGGLE handled
D/AwesomePlayer( 1514): Calling process is: com.android.systemui
D/SystemUIService( 2080): loading: class com.android.systemui.recent.Recents
D/SystemUIService( 2080): running: com.android.systemui.recent.Recents@41886988
D/SystemUIService( 2080): loading: class com.android.systemui.statusbar.SystemBars
D/SystemUIService( 2080): running: com.android.systemui.statusbar.SystemBars@418877f0
D/SystemUIService( 2080): loading: class com.android.systemui.usb.StorageNotification
D/SystemUIService( 2080): running: com.android.systemui.usb.StorageNotification@41889f58
D/WifiHW  ( 1508): Enter: wifi_get_fw_path function, fw_type=0,
D/WifiHW  ( 1508): Eneter: wifi_change_fw_path, fwpath = /system/vendor/modules/fw_bcm40181a2.bin.
D/SoftapController( 1508): Softap fwReload - Ok
D/SystemUIService( 2080): loading: class com.android.systemui.power.PowerUI
D/SystemUIService( 2080): running: com.android.systemui.power.PowerUI@4188cae0
D/SystemUIService( 2080): loading: class com.android.systemui.media.RingtonePlayer
D/SystemUIService( 2080): running: com.android.systemui.media.RingtonePlayer@4188de08
D/SystemUIService( 2080): loading: class com.android.systemui.settings.SettingsUI
D/SystemUIService( 2080): running: com.android.systemui.settings.SettingsUI@4188f870
D/AwesomePlayer( 1514): Calling process is: com.android.systemui
D/CommandListener( 1508): Setting iface cfg
D/CommandListener( 1508): Trying to bring down wlan0
I/StatusBarManagerService( 2015): registerStatusBar bar=com.android.internal.statusbar.IStatusBar$Stub$Proxy@41ebdc30
D/PhoneStatusBar( 2080): mSettingsPanelGravity = 8388661
D/AlarmManager( 2015): Target = android creator = android type = 3 action = com.android.server.action.NETWORK_STATS_POLL
