W/PackageManager( 2015): Unknown permission com.android.launcher.permission.READ_SETTINGS in package com.android.onetimeinitializer
W/PackageManager( 2015): Unknown permission com.android.launcher.permission.WRITE_SETTINGS in package com.android.onetimeinitializer
W/PackageManager( 2015): Not granting permission android.permission.BROADCAST_PACKAGE_REMOVED to package com.google.android.marvin.talkback (protectionLevel=2 flags=0xc9be45)
W/PackageManager( 2015): Unknown permission com.google.android.gallery3d.permission.PICASA_STORE in package com.android.dreams.phototable
W/PackageManager( 2015): Unknown permission com.android.launcher.permission.READ_SETTINGS in package com.android.settings
W/PackageManager( 2015): Unknown permission com.android.launcher.permission.WRITE_SETTINGS in package com.android.settings
W/PackageManager( 2015): Unknown permission com.android.launcher.permission.READ_SETTINGS in package com.google.android.googlequicksearchbox
W/PackageManager( 2015): Unknown permission com.android.launcher.permission.WRITE_SETTINGS in package com.google.android.googlequicksearchbox
W/PackageManager( 2015): Unknown permission com.google.android.voicesearch.SHORTCUTS_ACCESS in package com.google.android.googlequicksearchbox
W/PackageManager( 2015): Unknown permission com.google.android.voicesearch.ACCESS_SETTINGS in package com.google.android.googlequicksearchbox
W/PackageManager( 2015): Unknown permission com.google.android.ears.permission.WRITE in package com.google.android.googlequicksearchbox
W/PackageManager( 2015): Unknown permission com.google.android.apps.googlevoice.permission.AUTO_SEND in package com.google.android.googlequicksearchbox
W/PackageManager( 2015): Unknown permission com.google.android.gm.permission.AUTO_SEND in package com.google.android.googlequicksearchbox
W/PackageManager( 2015): Not granting permission android.permission.SEND_DOWNLOAD_COMPLETED_INTENTS to package com.android.vending (protectionLevel=2 flags=0x408abe45)
W/PackageManager( 2015): Unknown permission android.permission.SEND_SMS_NO_CONFIRMATION in package com.android.vending
W/PackageManager( 2015): Not granting permission android.permission.READ_LOGS to package com.softwinner.fireplayer (protectionLevel=50 flags=0x88be45)
W/PackageManager( 2015): Not granting permission android.permission.INSTALL_PACKAGES to package com.softwinner.fireplayer (protectionLevel=18 flags=0x88be45)
W/PackageManager( 2015): Unknown permission android.permission.USES_POLICY_FORCE_LOCK in package com.android.systemui
W/PackageManager( 2015): Not granting permission android.permission.INSTALL_PACKAGES to package com.jianui.filemanager (protectionLevel=18 flags=0x88be45)
W/PackageManager( 2015): Not granting permission android.permission.DELETE_PACKAGES to package com.jianui.filemanager (protectionLevel=18 flags=0x88be45)
W/PackageManager( 2015): Unknown permission com.android.launcher.permission.READ_SETTINGS in package com.jianui.filemanager
W/PackageManager( 2015): Unknown permission com.android.launcher.permission.WRITE_SETTINGS in package com.jianui.filemanager
W/PackageManager( 2015): Not granting permission android.permission.MOUNT_UNMOUNT_FILESYSTEMS to package com.jianui.filemanager (protectionLevel=18 flags=0x88be45)
W/PackageManager( 2015): Not granting permission android.permission.ACCOUNT_MANAGER to package com.jianui.filemanager (protectionLevel=2 flags=0x88be45)
W/PackageManager( 2015): Not granting permission android.permission.WRITE_MEDIA_STORAGE to package com.estrongs.android.pop (protectionLevel=18 flags=0xc8be44)
W/PackageManager( 2015): Unknown permission .PERMISSION in package com.estrongs.android.pop
W/PackageManager( 2015): Not granting permission android.permission.REBOOT to package eu.chainfire.supersu (protectionLevel=18 flags=0x883e05)
W/PackageManager( 2015): Not granting permission android.permission.DEVICE_POWER to package com.android.deskclock (protectionLevel=2 flags=0x88be45)
W/PackageManager( 2015): Not granting permission android.permission.READ_DREAM_STATE to package com.google.android.gsf (protectionLevel=2 flags=0x40883e45)
W/PackageManager( 2015): Unknown permission com.chrome.permission.DEVICE_EXTRAS in package com.android.chrome
W/PackageManager( 2015): Unknown permission com.sec.enterprise.knox.MDM_CONTENT_PROVIDER in package com.android.chrome
D/AlarmManager( 2015): Target = com.google.android.gms creator = com.google.android.gms type = 1 action = com.google.android.gms.recovery.WAKEUP
I/ActivityManager( 2015): Resuming delayed broadcast
I/GCoreUlr( 2243): Starting service, intent=Intent { act=com.google.android.location.reporting.ACTION_UPDATE_WORLD cmp=com.google.android.gms/com.google.android.location.reporting.service.DispatchingService (has extras) }, extras=Bundle[{receiverAction=android.intent.action.BOOT_COMPLETED}]
I/GCoreUlr( 2314): WorldUpdater received intent Intent { act=com.google.android.location.reporting.ACTION_UPDATE_WORLD cmp=com.google.android.gms/com.google.android.location.reporting.service.DispatchingService (has extras) } with receiverAction android.intent.action.BOOT_COMPLETED
I/ActivityManager( 2015): Delay finish: com.google.android.gsf/.checkin.CheckinService$Receiver
I/AuthZen ( 2243): Fetching signing key...
D/AlarmManager( 2015): Target = com.google.android.gsf creator = com.google.android.gsf type = 1 action = null
I/ActivityManager( 2015): Resuming delayed broadcast
I/CalendarProvider2( 2520): Sending notification intent: Intent { act=android.intent.action.PROVIDER_CHANGED dat=content://com.android.calendar }
W/ContentResolver( 2520): Failed to get type for: content://com.android.calendar (Unknown URL content://com.android.calendar)
D/dalvikvm( 2243): No JNI_OnLoad found in /system/lib/libAppDataSearch.so 0x4187a898, skipping init
I/RlzPingService( 2415): Setting next ping for 1441035678836
D/AlarmManager( 2015): Target = com.google.android.partnersetup creator = com.google.android.partnersetup type = 1 action = null
D/AlarmManager( 2015): Target = com.google.android.gsf creator = com.google.android.gsf type = 1 action = null
I/AuthZen ( 2243): Creating new signing Keys for handle: device_key
D/AuthZen ( 2243): Adding new credential
D/AlarmManager( 2015): Target = com.google.android.gms creator = com.google.android.gms type = 1 action = com.google.android.gms.icing.INDEX_RECURRING_MAINTENANCE
I/SystemUpdateService( 2352): cancelUpdate (empty URL)
I/AuthZen ( 2243): Signing key fetched successfuly!
D/AlarmManager( 2015): Target = com.google.android.gms creator = com.google.android.gms type = 1 action = com.google.android.gms.auth.authzen.CHECK_REGISTRATION
I/SystemUpdateService( 2352): cancelUpdate (empty URL)
I/GCoreUlr( 2314): Ensuring that reporting is stopped because of reasons: (no Google accounts)
D/GCoreFlp( 2314): Unknown pending intent to remove.
I/GCoreUlr( 2314): Unbound from all location providers
I/ActivityManager( 2015): Start proc com.android.onetimeinitializer for broadcast com.android.onetimeinitializer/.OneTimeInitializerReceiver: pid=2643 uid=10013 gids={50013}
V/OneTimeInitializerRece( 2643): OneTimeInitializerReceiver.onReceive
I/ActivityManager( 2015): Start proc com.android.vending for broadcast com.android.vending/com.google.android.finsky.receivers.BootCompletedReceiver: pid=2657 uid=10014 gids={50014, 3003, 1028, 1015}
D/Finsky  ( 2657): [1] FinskyApp.onCreate: Initializing network with DFE https://android.clients.google.com/fdfe/
W/MediaProvider( 2189): no database for scanned volume external
D/Tethering( 2015): MasterInitialState.processMessage what=3
D/CaptivePortalTracker( 2015): NoActiveNetworkState{ when=0 what=1 obj=NetworkInfo: type: WIFI[], state: CONNECTED/CONNECTED, reason: (unspecified), extra: "Great-Wi-Fi", roaming: false, failover: false, isAvailable: true, isConnectedToProvisioningNetwork: false target=com.android.internal.util.StateMachine$SmHandler }
D/        ( 2015): Setting time of day to sec=1440430879
D/BluetoothAdapter( 2080): 1103087432: getState() :  mService = null. Returning STATE_OFF
D/henryhuang( 2080): mWiFIName : Great-Wi-Fi
D/Finsky  ( 2657): [1] DailyHygiene.goMakeHygieneIfDirty: Dirty, need more hygiene.
D/AlarmManager( 2015): Target = android creator = android type = 3 action = com.android.server.NetworkTimeUpdateService.action.POLL
V/        ( 2080): result:15:41
D/AlarmManager( 2015): Target = com.android.vending creator = com.android.vending type = 1 action = null
D/GpsLocationProvider( 2015): NTP server returned: 1440430876763 (Mon Aug 24 15:41:16 GMT+00:00 2015) reference: 22723 certainty: 25 system time offset: -3001
V/        ( 2080): result:15:41
W/Settings( 2657): Setting download_manager_max_bytes_over_mobile has moved from android.provider.Settings.Secure to android.provider.Settings.Global.
W/Settings( 2657): Setting download_manager_recommended_max_bytes_over_mobile has moved from android.provider.Settings.Secure to android.provider.Settings.Global.
W/Finsky  ( 2657): [1] FinskyApp.getCurrentAccount: No account configured on this device.
W/Finsky  ( 2657): [1] FinskyApp.getDfeApi: No account configured on this device.
I/ActivityManager( 2015): Start proc com.google.android.googlequicksearchbox:search for broadcast com.google.android.googlequicksearchbox/com.google.android.search.core.StartUpReceiver: pid=2692 uid=10017 gids={50017, 3003, 1028, 3002, 1015}
D/Finsky  ( 2657): [1] GmsCoreHelper.cleanupNlp: result=false type=4
D/Finsky  ( 2657): [1] RestoreTracker.stopServiceIfDone: Restore complete with 0 success and 0 failed.
D/HandsFreeActivity( 2692): shouldBeEnabled: locale=en-US
D/HandsFreeActivity( 2692): Voice dialer enabled state: true
I/Velvet.VelvetFactory( 2692): refreshing search history.
I/ActivityManager( 2015): Start proc com.google.android.calendar for broadcast com.google.android.calendar/com.android.calendar.alerts.AlertReceiver: pid=2717 uid=10025 gids={50025, 3003}
W/GAV2    ( 2692): Thread[Thread-81,5,main]: Need to call initialize() and be in fallback mode to start dispatch.
W/GAV2    ( 2692): Thread[Thread-81,5,main]: dispatch call queued.  Need to call GAServiceManager.getInstance().initialize().
W/Search.SearchUrlHelper( 2692): Auth token not ready, no auth header set.
D/AlertReceiver( 2717): onReceive: a=android.intent.action.BOOT_COMPLETED Intent { act=android.intent.action.BOOT_COMPLETED flg=0x8000010 cmp=com.google.android.calendar/com.android.calendar.alerts.AlertReceiver (has extras) }
D/AlertService( 2717): 0 Action = android.intent.action.BOOT_COMPLETED
I/ActivityManager( 2015): Start proc com.android.email for broadcast com.android.email/.service.EmailBroadcastReceiver: pid=2747 uid=10029 gids={50029, 3003, 1028, 1015}
D/AlertService( 2717): Scheduling next alarm with AlarmScheduler. sEventReminderReceived: null
D/AlarmScheduler( 2717): No events found starting within 1 week.
D/AlarmManager( 2015): Target = com.google.android.googlequicksearchbox creator = com.google.android.googlequicksearchbox type = 1 action = null
W/Finsky  ( 2657): [1] FinskyApp.getCurrentAccount: No account configured on this device.
W/Finsky  ( 2657): [1] FinskyApp.getDfeApi: No account configured on this device.
D/ActivityThread( 2747): Loading provider com.android.email.provider;com.android.email.notifier: com.android.email.provider.EmailProvider
I/ActivityManager( 2015): Start proc com.android.deskclock for broadcast com.android.deskclock/.AlarmInitReceiver: pid=2773 uid=10038 gids={50038, 1028}
V/AlarmClock( 2773): berrytao,action:android.intent.action.BOOT_COMPLETED
W/ActivityManager( 2015): Unable to start service Intent { cmp=com.android.email/.service.AttachmentDownloadService } U=0: not found
W/ActivityManager( 2015): Unable to start service Intent { cmp=com.android.email/.service.AttachmentDownloadService } U=0: not found
I/Email   ( 2747): Observing account changes for notifications
V/AlarmClock( 2773): No next alarm
V/AlarmClock( 2773): AlarmInitReceiver - Reset timers and clear stopwatch data
V/AlarmClock( 2773): No next alarm
V/AlarmClock( 2773): AlarmInitReceiver finished
W/BroadcastQueue( 2015): Permission Denial: receiving Intent { act=android.intent.action.BOOT_COMPLETED flg=0x8000010 (has extras) } to com.jianui.filemanager/pada.juiupdate.receiver.StartUpdateServiceReceiver requires android.permission.RECEIVE_BOOT_COMPLETED due to sender null (uid 1000)
I/LauncherIconVisibilityManager( 2175): Boot has been completed
I/LauncherIconVisibilityManager( 2175): Activity has already been disabled: ComponentInfo{com.android.inputmethod.latin/com.android.inputmethod.latin.setup.SetupActivity}
I/ActivityManager( 2015): Start proc com.android.exchange for service com.android.exchange/.service.EmailSyncAdapterService: pid=2791 uid=10030 gids={50030, 3003, 1028, 1015}
I/ActivityManager( 2015): Start proc eu.chainfire.supersu for broadcast eu.chainfire.supersu/.BootCompleteReceiver: pid=2803 uid=10057 gids={50057}
I/ActivityManager( 2015): Start proc com.jianui.update for broadcast com.jianui.update/.LoaderReceiver: pid=2818 uid=1000 gids={41000, 1028, 1015, 3002, 3001, 3003, 1004, 2002, 2001}
D/AwesomePlayer( 1514): Calling process is: com.jianui.update
I/LoaderReceiver.onReceive(L:77)( 2818): receive a new action : android.intent.action.BOOT_COMPLETED
D/LoaderReceiver.onReceive(L:85)( 2818): Boot Complet
D/LoaderReceiver.startServiceFromBootComplet(L:61)( 2818): startServiceFromBootComplet
W/ContextImpl( 2818): Calling a method in the system process without a qualified user: android.app.ContextImpl.startService:1479 android.content.ContextWrapper.startService:494 android.content.ContextWrapper.startService:494 com.jianui.update.LoaderReceiver.startServiceFromBootComplet:64 com.jianui.update.LoaderReceiver.onReceive:86 
D/AlarmManager( 2015): Target = com.jianui.update creator = com.jianui.update type = 1 action = null
D/UpdateService.onCreate(L:388)( 2818): onCreate
I/ActivityManager( 2015): Start proc com.android.externalstorage for broadcast com.android.externalstorage/.MountReceiver: pid=2846 uid=10006 gids={50006, 1028, 1015, 1023}
D/ExternalStorage( 2846): After updating volumes, found 2 active roots
D/ExternalStorage( 2846): After updating volumes, found 2 active roots
D/MediaScannerReceiver( 2189): action: android.intent.action.MEDIA_MOUNTED path: /mnt/extsd
V/MediaScannerReceiver4k( 2473): >>>>>>>> onReceive action=android.intent.action.MEDIA_MOUNTED uri=file:///mnt/extsd
D/MediaScannerReceiver4k( 2473): action: android.intent.action.MEDIA_MOUNTED path: /mnt/extsd
V/LocalMediaScannerService( 2473): >>>> onHandleIntentandroid.intent.action.MEDIA_MOUNTED devPath = /mnt/extsd
I/ActivityManager( 2015): Start proc com.estrongs.android.pop for broadcast com.estrongs.android.pop/.EnableOEMConfig: pid=2864 uid=10062 gids={50062, 3003, 3002, 3001, 1028, 1015}
I/UpdateService.onStartCommand(L:411)( 2818): onStartCommand flags:0 startId1
I/UpdateService.onStartCommand(L:417)( 2818): get a start cmd : 103
I/UpdateService.onStartCommand(L:445)( 2818): Start from BootComplet
D/UpdateService.syncBootInformation(L:364)( 2818): Nothing do
V/LocalMediaScanner( 2473): scanVideosInFolder: /mnt/extsd
D/audio_hw_primary( 1514): out_standby
E/ObjectHelper( 2864): Can't find method:setCompatibilityInfo
D/an      ( 2864): Refresh storage info done.19
D/dalvikvm( 2864): Trying to load lib /data/app-lib/com.estrongs.android.pop-1/libmyaes.so 0x41877be8
D/dalvikvm( 2864): Added shared lib /data/app-lib/com.estrongs.android.pop-1/libmyaes.so 0x41877be8
W/ResourceType( 2864): No package identifier when getting value for resource number 0x00000000
D/GCM     ( 2352): GcmService start Intent { act=com.google.android.gms.INITIALIZE flg=0x10 pkg=com.google.android.gms cmp=com.google.android.gms/.gcm.GcmService } com.google.android.gms.INITIALIZE
D/ExternalStorage( 2846): After updating volumes, found 2 active roots
D/MediaScannerReceiver( 2189): action: android.intent.action.MEDIA_MOUNTED path: /mnt/sdcard
V/MediaScannerReceiver4k( 2473): >>>>>>>> onReceive action=android.intent.action.MEDIA_MOUNTED uri=file:///mnt/sdcard
D/MediaScannerReceiver4k( 2473): action: android.intent.action.MEDIA_MOUNTED path: /mnt/sdcard
D/AlertReceiver( 2717): onReceive: a=android.intent.action.PROVIDER_CHANGED Intent { act=android.intent.action.PROVIDER_CHANGED dat=content://com.android.calendar flg=0x10 cmp=com.google.android.calendar/com.android.calendar.alerts.AlertReceiver }
V/LocalMediaScannerService( 2473): >>>> onHandleIntentandroid.intent.action.MEDIA_MOUNTED devPath = /mnt/sdcard
I/ActivityManager( 2015): Delay finish: com.google.android.calendar/com.android.calendar.alerts.AlertReceiver
D/AlertService( 2717): 0 Action = android.intent.action.PROVIDER_CHANGED
V/LocalMediaScanner( 2473): scanVideosInFolder: /mnt/sdcard
D/AlarmManager( 2015): Target = com.google.android.gms creator = com.google.android.gms type = 1 action = null
I/ActivityManager( 2015): Resuming delayed broadcast
D/AlarmManager( 2015): Target = com.google.android.calendar creator = com.google.android.calendar type = 1 action = com.google.android.calendar.APPWIDGET_SCHEDULED_UPDATE
D/AlarmManager( 2015): Target = com.google.android.gms creator = com.google.android.gms type = 1 action = null
I/ActivityManager( 2015): Start proc com.google.android.music:main for broadcast com.google.android.music/.store.MediaStoreImportService$Receiver: pid=2989 uid=10047 gids={50047, 3003, 1028, 1015}
D/SnetService( 2243): snet destroyed
I/MusicStore( 2989): Database version: 85
W/ContextImpl( 2989): Implicit intents with startService are not safe: Intent { act=com.google.android.music.PREFERENCE_SERVICE } android.content.ContextWrapper.bindService:517 com.google.android.music.utils.SafeServiceConnection$ServiceConnectionImp.bindService:98 com.google.android.music.utils.SafeServiceConnection.bindService:259 
W/ContextImpl( 2989): Implicit intents with startService are not safe: Intent { act=com.google.android.music.NETWORK_MONITOR_SERVICE } android.content.ContextWrapper.bindService:517 com.google.android.music.utils.SafeServiceConnection$ServiceConnectionImp.bindService:98 com.google.android.music.utils.SafeServiceConnection.bindService:259 
D/AlarmManager( 2015): Target = com.google.android.calendar creator = com.google.android.calendar type = 1 action = com.google.android.calendar.APPWIDGET_SCHEDULED_UPDATE
I/Icing   ( 2243): Storage manager: low false usage 1.18MB avail 6.40GB capacity 6.70GB
I/MediaRouter( 2989): Found default route: MediaRouter.RouteInfo{ uniqueId=android/.support.v7.media.SystemMediaRouteProvider:DEFAULT_ROUTE, name=Tablet, description=null, enabled=true, connecting=false, playbackType=0, playbackStream=3, volumeHandling=1, volume=9, volumeMax=15, presentationDisplayId=-1, extras=null, providerPackageName=android }
I/CastUtils( 2989): Removing provider: MediaRouter.RouteProviderInfo{ packageName=com.google.android.gms }
I/Icing   ( 2243): Internal init done: storage state 0
D/GCM     ( 2352): GcmService start Intent { act=android.net.conn.CONNECTIVITY_CHANGE flg=0x4000010 cmp=com.google.android.gms/.gcm.GcmService (has extras) } android.net.conn.CONNECTIVITY_CHANGE
D/AlarmManager( 2015): Target = com.google.android.gms creator = com.google.android.gms type = 3 action = com.google.android.intent.action.GCM_RECONNECT
I/Icing   ( 2243): Post-init done
D/AlarmManager( 2015): Target = com.google.android.gsf creator = com.google.android.gsf type = 1 action = null
I/LoaderReceiver.onReceive(L:77)( 2818): receive a new action : android.net.conn.CONNECTIVITY_CHANGE
D/LoaderReceiver.onReceive(L:80)( 2818): Connectivity change
D/LoaderReceiver.startService(L:51)( 2818): startService
I/UpdateService.onStartCommand(L:411)( 2818): onStartCommand flags:0 startId2
I/UpdateService.onStartCommand(L:417)( 2818): get a start cmd : 102
W/ContextImpl( 2818): Calling a method in the system process without a qualified user: android.app.ContextImpl.startService:1479 android.content.ContextWrapper.startService:494 android.content.ContextWrapper.startService:494 com.jianui.update.LoaderReceiver.startService:54 com.jianui.update.LoaderReceiver.onReceive:81 
I/UpdateService.onStartCommand(L:422)( 2818): Start Dealy Checking!
I/UpdateService.reportInstallSucceed(L:702)( 2818): oldRomVersion = 2015.01.12.13.38
D/Utils.getValue(L:221)( 2818): version:2015.01.12.13.38---------------index:0
D/Utils.getValue(L:221)( 2818): version:2015.01.12.13.38---------------index:0
D/Utils.getValue(L:221)( 2818): version:2015.01.12.13.38---------------index:5
D/Utils.getValue(L:221)( 2818): version:2015.01.12.13.38---------------index:5
D/Utils.getValue(L:221)( 2818): version:2015.01.12.13.38---------------index:8
D/Utils.getValue(L:221)( 2818): version:2015.01.12.13.38---------------index:8
I/ActivityManager( 2015): Start proc com.android.chrome for broadcast com.android.chrome/com.google.android.apps.chrome.precache.PrecacheServiceLauncher: pid=3032 uid=10061 gids={50061, 3003, 1028, 1015}
W/MediaScanner( 2189): Error opening directory '/mnt/usbhost/', skipping: Permission denied.
D/Utils.getValue(L:221)( 2818): version:2015.01.12.13.38---------------index:11
D/Utils.getValue(L:221)( 2818): version:2015.01.12.13.38---------------index:11
D/Utils.getValue(L:221)( 2818): version:2015.01.12.13.38---------------index:14
D/Utils.getValue(L:221)( 2818): version:2015.01.12.13.38---------------index:14
D/UpdateService.reportInstallSucceed(L:719)( 2818): not report install success
I/ActivityManager( 2015): Killing 2551:com.google.android.configupdater/u0a2 (adj 15): empty #17
D/WindowManager( 2015): mBootFastRuning = false shutdhownPending = false
D/InputManager-JNI( 2015): handleInterceptActions: POLICY_FLAG_PASS_TO_USER.
D/WindowManager( 2015): mBootFastRuning = false shutdhownPending = false
D/InputManager-JNI( 2015): handleInterceptActions: POLICY_FLAG_PASS_TO_USER.
D/ConnectivityService( 2015): handleInetConditionHoldEnd: net=1, condition=100, published condition=100
D/AudioResampler( 1514): forcing AudioResampler quality to 4
D/AlarmManager( 2015): Target = com.google.android.gsf creator = com.google.android.gsf type = 1 action = null
V/audio_hw_primary( 1514): start_output_stream, line: 739
D/audio_hw_primary( 1514): line:655,select_output_device,adev->mode:0, AUDIO_MODE_RINGTONE:1, AUDIO_MODE_NORMAL:0
V/audio_hw_primary( 1514): huangxin------normal mode, ****LINE:657,FUNC:select_output_device, adev->out_device:2
I/ActivityManager( 2015): START u0 {act=android.intent.action.MAIN cat=[android.intent.category.HOME] flg=0x10200000 cmp=com.teslacoilsw.launcher/com.android.launcher2.Launcher} from pid 2015
I/ActivityManager( 2015): performance mode unset
D/AlarmManager( 2015): Target = com.google.android.gsf creator = com.google.android.gsf type = 1 action = null
V/codec_audio_pad( 1514): in normal mode, headset or speaker on,****LINE:74,FUNC:set_normal_path
V/audio_hw_primary( 1514): normal mode , speaker,****LINE:659,FUNC:select_output_device
V/audio_hw_primary( 1514): start_output_stream: card:0, port:0, rate:44100
V/audio_hw_primary( 1514): do not use out resampler
W/ContextImpl( 2015): Calling a method in the system process without a qualified user: android.app.ContextImpl.sendBroadcast:1123 com.android.server.am.ActivityStackSupervisor.startActivityLocked:1118 com.android.server.am.ActivityStackSupervisor.startActivityMayWait:744 com.android.server.am.ActivityManagerService.startActivityAsUser:3135 android.app.ContextImpl.startActivityAsUser:1048 
I/ActivityManager( 2015): Killing 2228:com.android.printspooler/u0a54 (adj 15): empty #17
V/AlarmClock( 2773): berrytao,action:android.intent.action.TIME_SET
V/AlarmClock( 2773): No next alarm
V/AlarmClock( 2773): AlarmInitReceiver finished
D/WindowManager( 2015): setSystemUiVisibility start color:0 attrs:WM.LayoutParams{(0,0)(fillxfill) sim=#120 ty=1 fl=#d910100 statusBarColor=0 pfl=0x8 fmt=-2 wanim=0x10302a1 vsysui=0x700}
D/WindowManager( 2015): setSystemUiVisibility ent
V/CommandQ( 2080):  0 color:0
V/CommandQ( 2080):  1 color:0
D/AlarmManager( 2015): Target = com.google.android.calendar creator = com.google.android.calendar type = 1 action = com.google.android.calendar.APPWIDGET_SCHEDULED_UPDATE
D/AlarmManager( 2015): Target = com.android.providers.calendar creator = com.android.providers.calendar type = 0 action = com.android.providers.calendar.SCHEDULE_ALARM
D/WindowManager( 2015): setSystemUiVisibility start color:0 attrs:WM.LayoutParams{(0,0)(fillxfill) sim=#20 ty=1 fl=#d910100 statusBarColor=0 pfl=0x8 fmt=-2 wanim=0x10302a1 vsysui=0x700}
D/WindowManager( 2015): setSystemUiVisibility ent
V/CommandQ( 2080):  0 color:0
V/CommandQ( 2080):  1 color:0
D/BluetoothAdapter( 2080): 1103087432: getState() :  mService = null. Returning STATE_OFF
D/BluetoothAdapter( 2080): 1103087432: getState() :  mService = null. Returning STATE_OFF
I/DownloadManager( 2189): Download 13 starting
I/MediaStoreImporter( 2989): Update: incremental Added music: 0 Updated music: 0 Deleted music: 0 Created playlists: 0 Updated playlists: 0 Deleted playlists: 0 Inserted playlist items: 0 Deleted playlist items: 0 Removed orphaned playlist items: 0
W/ActivityThread( 2189): ClassLoader.loadClass: The class loader returned by Thread.getContextClassLoader() may fail for processes that host multiple applications. You should explicitly specify a context class loader. For example: Thread.setContextClassLoader(getClass().getClassLoader());
I/ActivityManager( 2015): Timeline: Activity_windows_visible id: com.teslacoilsw.launcher time:30369
W/DownloadManager( 2189): Aborting request for download 13: Unhandled HTTP response: 404 Not Found
I/DownloadManager( 2189): Download 13 finished with status 404
I/Icing   ( 2243): Indexing F8C85F8A38278E547D357662806D9E8B180D60D1 from com.google.android.music
D/PermissionCache( 1511): checking android.permission.READ_FRAME_BUFFER for uid=10011 => granted (467 us)
D/BluetoothAdapter( 2080): 1103087432: getState() :  mService = null. Returning STATE_OFF
D/BluetoothAdapter( 2080): 1103087432: getState() :  mService = null. Returning STATE_OFF
D/DateView( 2080): sss = August 24
D/DateView( 2080): ss = Mon
D/SizeAdaptiveLayout( 2080): com.android.internal.widget.SizeAdaptiveLayout{423ef478 V.E..... ......I. 0,0-0,0 #7f070058 app:id/adaptive}child view android.widget.LinearLayout{4188ae90 G.E..... ......I. 0,0-0,0 #10202de android:id/status_bar_latest_event_content} measured out of bounds at 120px clamped to 128px
D/SizeAdaptiveLayout( 2080): com.android.internal.widget.SizeAdaptiveLayout{41e392c8 V.E..... ......I. 0,0-0,0 #7f070058 app:id/adaptive}child view android.widget.LinearLayout{41c339f0 G.E..... ......I. 0,0-0,0 #10202de android:id/status_bar_latest_event_content} measured out of bounds at 120px clamped to 128px
D/SizeAdaptiveLayout( 2080): com.android.internal.widget.SizeAdaptiveLayout{41ce6818 V.E..... ......ID 0,0-1040,128 #7f070058 app:id/adaptive}child view android.widget.LinearLayout{41cef388 V.E..... ......ID 0,0-1040,120 #10202de android:id/status_bar_latest_event_content} measured out of bounds at 120px clamped to 128px
D/SizeAdaptiveLayout( 2080): com.android.internal.widget.SizeAdaptiveLayout{423ef478 V.E..... ......I. 0,0-0,0 #7f070058 app:id/adaptive}child view android.widget.LinearLayout{4188ae90 G.E..... ......I. 0,0-0,0 #10202de android:id/status_bar_latest_event_content} measured out of bounds at 120px clamped to 128px
D/SizeAdaptiveLayout( 2080): com.android.internal.widget.SizeAdaptiveLayout{41e392c8 V.E..... ......I. 0,0-0,0 #7f070058 app:id/adaptive}child view android.widget.LinearLayout{41c339f0 G.E..... ......I. 0,0-0,0 #10202de android:id/status_bar_latest_event_content} measured out of bounds at 120px clamped to 128px
D/SizeAdaptiveLayout( 2080): com.android.internal.widget.SizeAdaptiveLayout{41ce6818 V.E..... ......ID 0,0-1040,128 #7f070058 app:id/adaptive}child view android.widget.LinearLayout{41cef388 V.E..... ......ID 0,0-1040,120 #10202de android:id/status_bar_latest_event_content} measured out of bounds at 120px clamped to 128px
D/SizeAdaptiveLayout( 2080): com.android.internal.widget.SizeAdaptiveLayout{423ef478 V.E..... ......I. 0,0-0,0 #7f070058 app:id/adaptive}child view android.widget.LinearLayout{4188ae90 G.E..... ......I. 0,0-0,0 #10202de android:id/status_bar_latest_event_content} measured out of bounds at 120px clamped to 128px
D/SizeAdaptiveLayout( 2080): com.android.internal.widget.SizeAdaptiveLayout{41e392c8 V.E..... ......I. 0,0-0,0 #7f070058 app:id/adaptive}child view android.widget.LinearLayout{41c339f0 G.E..... ......I. 0,0-0,0 #10202de android:id/status_bar_latest_event_content} measured out of bounds at 120px clamped to 128px
D/SizeAdaptiveLayout( 2080): com.android.internal.widget.SizeAdaptiveLayout{41ce6818 V.E..... ......ID 0,0-1040,128 #7f070058 app:id/adaptive}child view android.widget.LinearLayout{41cef388 V.E..... ......ID 0,0-1040,120 #10202de android:id/status_bar_latest_event_content} measured out of bounds at 120px clamped to 128px
D/SizeAdaptiveLayout( 2080): com.android.internal.widget.SizeAdaptiveLayout{423ef478 V.E..... ......I. 0,0-0,0 #7f070058 app:id/adaptive}child view android.widget.LinearLayout{4188ae90 G.E..... ......I. 0,0-0,0 #10202de android:id/status_bar_latest_event_content} measured out of bounds at 120px clamped to 128px
D/SizeAdaptiveLayout( 2080): com.android.internal.widget.SizeAdaptiveLayout{41e392c8 V.E..... ......I. 0,0-0,0 #7f070058 app:id/adaptive}child view android.widget.LinearLayout{41c339f0 G.E..... ......I. 0,0-0,0 #10202de android:id/status_bar_latest_event_content} measured out of bounds at 120px clamped to 128px
D/SizeAdaptiveLayout( 2080): com.android.internal.widget.SizeAdaptiveLayout{41ce6818 V.E..... ......ID 0,0-1040,128 #7f070058 app:id/adaptive}child view android.widget.LinearLayout{41cef388 V.E..... ......ID 0,0-1040,120 #10202de android:id/status_bar_latest_event_content} measured out of bounds at 120px clamped to 128px
D/SizeAdaptiveLayout( 2080): com.android.internal.widget.SizeAdaptiveLayout{423ef478 V.E..... ......I. 0,0-0,0 #7f070058 app:id/adaptive}child view android.widget.LinearLayout{4188ae90 G.E..... ......I. 0,0-0,0 #10202de android:id/status_bar_latest_event_content} measured out of bounds at 120px clamped to 128px
D/SizeAdaptiveLayout( 2080): com.android.internal.widget.SizeAdaptiveLayout{41e392c8 V.E..... ......I. 0,0-0,0 #7f070058 app:id/adaptive}child view android.widget.LinearLayout{41c339f0 G.E..... ......I. 0,0-0,0 #10202de android:id/status_bar_latest_event_content} measured out of bounds at 120px clamped to 128px
D/SizeAdaptiveLayout( 2080): com.android.internal.widget.SizeAdaptiveLayout{41ce6818 V.E..... ......ID 0,0-1040,128 #7f070058 app:id/adaptive}child view android.widget.LinearLayout{41cef388 V.E..... ......ID 0,0-1040,120 #10202de android:id/status_bar_latest_event_content} measured out of bounds at 120px clamped to 128px
D/SizeAdaptiveLayout( 2080): com.android.internal.widget.SizeAdaptiveLayout{423ef478 V.E..... ......I. 0,0-0,0 #7f070058 app:id/adaptive}child view android.widget.LinearLayout{4188ae90 G.E..... ......I. 0,0-0,0 #10202de android:id/status_bar_latest_event_content} measured out of bounds at 120px clamped to 128px
D/SizeAdaptiveLayout( 2080): com.android.internal.widget.SizeAdaptiveLayout{41e392c8 V.E..... ......I. 0,0-0,0 #7f070058 app:id/adaptive}child view android.widget.LinearLayout{41c339f0 G.E..... ......I. 0,0-0,0 #10202de android:id/status_bar_latest_event_content} measured out of bounds at 120px clamped to 128px
D/SizeAdaptiveLayout( 2080): com.android.internal.widget.SizeAdaptiveLayout{41ce6818 V.E..... ......ID 0,0-1040,128 #7f070058 app:id/adaptive}child view android.widget.LinearLayout{41cef388 V.E..... ......ID 0,0-1040,120 #10202de android:id/status_bar_latest_event_content} measured out of bounds at 120px clamped to 128px
D/WindowManager( 2015): setSystemUiVisibility start color:0 attrs:WM.LayoutParams{(0,0)(fillxfill) gr=#37 sim=#10 ty=2000 fl=#1860040 statusBarColor=0 fmt=-3}
D/WindowManager( 2015): setSystemUiVisibility ent
V/CommandQ( 2080):  0 color:0
I/Icing   ( 2243): Indexing done F8C85F8A38278E547D357662806D9E8B180D60D1
D/SizeAdaptiveLayout( 2080): com.android.internal.widget.SizeAdaptiveLayout{423ef478 V.E..... ......I. 0,0-0,0 #7f070058 app:id/adaptive}child view android.widget.LinearLayout{4188ae90 G.E..... ......I. 0,0-0,0 #10202de android:id/status_bar_latest_event_content} measured out of bounds at 120px clamped to 128px
D/SizeAdaptiveLayout( 2080): com.android.internal.widget.SizeAdaptiveLayout{41e392c8 V.E..... ......I. 0,0-0,0 #7f070058 app:id/adaptive}child view android.widget.LinearLayout{41c339f0 G.E..... ......I. 0,0-0,0 #10202de android:id/status_bar_latest_event_content} measured out of bounds at 120px clamped to 128px
D/SizeAdaptiveLayout( 2080): com.android.internal.widget.SizeAdaptiveLayout{41ce6818 V.E..... ......ID 0,0-1040,128 #7f070058 app:id/adaptive}child view android.widget.LinearLayout{41cef388 V.E..... ......ID 0,0-1040,120 #10202de android:id/status_bar_latest_event_content} measured out of bounds at 120px clamped to 128px
D/SizeAdaptiveLayout( 2080): com.android.internal.widget.SizeAdaptiveLayout{423ef478 V.E..... ......I. 0,0-0,0 #7f070058 app:id/adaptive}child view android.widget.LinearLayout{4188ae90 G.E..... ......I. 0,0-0,0 #10202de android:id/status_bar_latest_event_content} measured out of bounds at 120px clamped to 128px
D/SizeAdaptiveLayout( 2080): com.android.internal.widget.SizeAdaptiveLayout{41e392c8 V.E..... ......I. 0,0-0,0 #7f070058 app:id/adaptive}child view android.widget.LinearLayout{41c339f0 G.E..... ......I. 0,0-0,0 #10202de android:id/status_bar_latest_event_content} measured out of bounds at 120px clamped to 128px
D/SizeAdaptiveLayout( 2080): com.android.internal.widget.SizeAdaptiveLayout{41ce6818 V.E..... ......ID 0,0-1040,128 #7f070058 app:id/adaptive}child view android.widget.LinearLayout{41cef388 V.E..... ......ID 0,0-1040,120 #10202de android:id/status_bar_latest_event_content} measured out of bounds at 120px clamped to 128px
D/SizeAdaptiveLayout( 2080): com.android.internal.widget.SizeAdaptiveLayout{423ef478 V.E..... ......I. 0,0-0,0 #7f070058 app:id/adaptive}child view android.widget.LinearLayout{4188ae90 G.E..... ......I. 0,0-0,0 #10202de android:id/status_bar_latest_event_content} measured out of bounds at 120px clamped to 128px
D/SizeAdaptiveLayout( 2080): com.android.internal.widget.SizeAdaptiveLayout{41e392c8 V.E..... ......I. 0,0-0,0 #7f070058 app:id/adaptive}child view android.widget.LinearLayout{41c339f0 G.E..... ......I. 0,0-0,0 #10202de android:id/status_bar_latest_event_content} measured out of bounds at 120px clamped to 128px
D/SizeAdaptiveLayout( 2080): com.android.internal.widget.SizeAdaptiveLayout{41ce6818 V.E..... ......ID 0,0-1040,128 #7f070058 app:id/adaptive}child view android.widget.LinearLayout{41cef388 V.E..... ......ID 0,0-1040,120 #10202de android:id/status_bar_latest_event_content} measured out of bounds at 120px clamped to 128px
D/SizeAdaptiveLayout( 2080): com.android.internal.widget.SizeAdaptiveLayout{423ef478 V.E..... ......I. 0,0-0,0 #7f070058 app:id/adaptive}child view android.widget.LinearLayout{4188ae90 G.E..... ......I. 0,0-0,0 #10202de android:id/status_bar_latest_event_content} measured out of bounds at 120px clamped to 128px
D/SizeAdaptiveLayout( 2080): com.android.internal.widget.SizeAdaptiveLayout{41e392c8 V.E..... ......I. 0,0-0,0 #7f070058 app:id/adaptive}child view android.widget.LinearLayout{41c339f0 G.E..... ......I. 0,0-0,0 #10202de android:id/status_bar_latest_event_content} measured out of bounds at 120px clamped to 128px
D/SizeAdaptiveLayout( 2080): com.android.internal.widget.SizeAdaptiveLayout{41ce6818 V.E..... ......ID 0,0-1040,128 #7f070058 app:id/adaptive}child view android.widget.LinearLayout{41cef388 V.E..... ......ID 0,0-1040,120 #10202de android:id/status_bar_latest_event_content} measured out of bounds at 120px clamped to 128px
V/CommandQ( 2080):  1 color:0
I/GAV2    ( 2692): Thread[GAThread,5,main]: No campaign data found.
I/dalvikvm( 2080): Total arena pages for JIT: 11
W/MediaScanner( 2189): Error opening directory '/mnt/usbhost/', skipping: Permission denied.
I/MediaStoreImporter( 2989): Update: incremental Added music: 0 Updated music: 0 Deleted music: 0 Created playlists: 0 Updated playlists: 0 Deleted playlists: 0 Inserted playlist items: 0 Deleted playlist items: 0 Removed orphaned playlist items: 0
D/audio_hw_primary( 1514): out_standby
D/AlertService( 2717): Beginning updateAlertNotification
D/AlertService( 2717): No fired or scheduled alerts
D/AlertService( 2717): Scheduling next alarm with AlarmScheduler. sEventReminderReceived: null
D/AlarmScheduler( 2717): No events found starting within 1 week.
W/MediaScanner( 2189): Error opening directory '/mnt/usbhost/', skipping: Permission denied.
I/MediaStoreImporter( 2989): Update: incremental Added music: 0 Updated music: 0 Deleted music: 0 Created playlists: 0 Updated playlists: 0 Deleted playlists: 0 Inserted playlist items: 0 Deleted playlist items: 0 Removed orphaned playlist items: 0
W/ContextImpl( 2989): Implicit intents with startService are not safe: Intent { act=com.google.android.music.NETWORK_MONITOR_SERVICE } android.content.ContextWrapper.bindService:517 com.google.android.music.utils.SafeServiceConnection$ServiceConnectionImp.bindService:98 com.google.android.music.utils.SafeServiceConnection.bindService:259 
I/MusicLeanback( 2989): Conditions not met for autocaching.
I/MusicLeanback( 2989): Stop autocaching.
W/ContextImpl( 2989): Implicit intents with startService are not safe: Intent { act=com.google.android.music.NETWORK_MONITOR_SERVICE } android.content.ContextWrapper.bindService:517 com.google.android.music.utils.SafeServiceConnection$ServiceConnectionImp.bindService:98 com.google.android.music.utils.SafeServiceConnection.bindService:259 
D/CacheService( 2989): onCreate
D/CacheService( 2989): onBind
D/CacheService( 2989): onDestroy
V/audio_hw_primary( 1514): start_output_stream, line: 739
D/audio_hw_primary( 1514): line:655,select_output_device,adev->mode:0, AUDIO_MODE_RINGTONE:1, AUDIO_MODE_NORMAL:0
V/audio_hw_primary( 1514): huangxin------normal mode, ****LINE:657,FUNC:select_output_device, adev->out_device:2
V/codec_audio_pad( 1514): in normal mode, headset or speaker on,****LINE:74,FUNC:set_normal_path
V/audio_hw_primary( 1514): normal mode , speaker,****LINE:659,FUNC:select_output_device
V/audio_hw_primary( 1514): start_output_stream: card:0, port:0, rate:44100
V/audio_hw_primary( 1514): do not use out resampler
I/ActivityManager( 2015): START u0 {act=android.settings.SETTINGS flg=0x14000000 cmp=com.android.settings/.Settings} from pid 2080
I/ActivityManager( 2015): performance mode unset
W/ContextImpl( 2015): Calling a method in the system process without a qualified user: android.app.ContextImpl.sendBroadcast:1123 com.android.server.am.ActivityStackSupervisor.startActivityLocked:1118 com.android.server.am.ActivityStackSupervisor.startActivityMayWait:744 com.android.server.am.ActivityManagerService.startActivityAsUser:3135 android.app.ActivityManagerNative.onTransact:161 
D/CaptivePortalTracker( 2015): DelayedCaptiveCheckState{ when=-12ms what=2 arg1=1 target=com.android.internal.util.StateMachine$SmHandler }
D/ConnectivityService( 2015): setProvNotificationVisible: E visible=false networkType=1 extraInfo=null url=null
D/CaptivePortalTracker( 2015): Checking http://173.194.113.201/generate_204
D/BluetoothAdapter( 2148): 1099426120: getState() :  mService = null. Returning STATE_OFF
D/WindowManager( 2015): setSystemUiVisibility start color:0 attrs:WM.LayoutParams{(0,0)(fillxfill) sim=#20 ty=3 fl=#1830118 statusBarColor=0 pfl=0x19 wanim=0x10302a1}
D/WindowManager( 2015): setSystemUiVisibility ent
V/CommandQ( 2080):  0 color:0
W/ActivityThread( 2015): ClassLoader.loadClass: The class loader returned by Thread.getContextClassLoader() may fail for processes that host multiple applications. You should explicitly specify a context class loader. For example: Thread.setContextClassLoader(getClass().getClassLoader());
D/BluetoothAdapter( 2080): 1103087432: getState() :  mService = null. Returning STATE_OFF
D/BluetoothAdapter( 2080): 1103087432: getState() :  mService = null. Returning STATE_OFF
V/CommandQ( 2080):  1 color:0
D/CaptivePortalTracker( 2015): Don't send network conditions - lacking user consent.
D/CaptivePortalTracker( 2015): isCaptivePortal: ret=false rspCode=204
D/CaptivePortalTracker( 2015): Not captive network NetworkInfo: type: WIFI[], state: CONNECTED/CONNECTED, reason: (unspecified), extra: "Great-Wi-Fi", roaming: false, failover: false, isAvailable: true, isConnectedToProvisioningNetwork: false
D/CaptivePortalTracker( 2015): notifyPortalCheckCompleted: captive=false ni=NetworkInfo: type: WIFI[], state: CONNECTED/CONNECTED, reason: (unspecified), extra: "Great-Wi-Fi", roaming: false, failover: false, isAvailable: true, isConnectedToProvisioningNetwork: false
D/ConnectivityService( 2015): captivePortalCheckCompleted: ni=NetworkInfo: type: WIFI[], state: CONNECTED/CONNECTED, reason: (unspecified), extra: "Great-Wi-Fi", roaming: false, failover: false, isAvailable: true, isConnectedToProvisioningNetwork: false captive=false
D/BluetoothAdapter( 2080): 1103087432: getState() :  mService = null. Returning STATE_OFF
D/BluetoothAdapter( 2080): 1103087432: getState() :  mService = null. Returning STATE_OFF
D/libEGL  ( 2148): loaded /vendor/lib/egl/libEGL_POWERVR_ROGUE.so
D/libEGL  ( 2148): loaded /vendor/lib/egl/libGLESv1_CM_POWERVR_ROGUE.so
E/IMGSRV  ( 2148): :0: OGLES3LIBNAME is /system/vendor/lib/egl/libGLESv2_POWERVR_ROGUE.so
D/libEGL  ( 2148): loaded /vendor/lib/egl/libGLESv2_POWERVR_ROGUE.so
D/OpenGLRenderer( 2148): Enabling debug mode 0
D/WifiService( 2015): setWifiEnabled: true pid=2148, uid=1000
D/BluetoothAdapter( 2148): 1099426120: getState() :  mService = null. Returning STATE_OFF
I/ActivityManager( 2015): Displayed com.android.settings/.Settings: +1s6ms
I/ActivityManager( 2015): Timeline: Activity_windows_visible id: com.android.settings time:36357
I/ActivityManager( 2015): Waited long enough for: ServiceRecord{41f20c60 u0 com.google.android.gms/.gcm.GcmService}
I/ActivityManager( 2015): Waited long enough for: ServiceRecord{41c63cb8 u0 com.softwinner.fireplayer/com.softwinner.service.SoftWinnerService}
I/NotificationService( 2015): cancelToast pkg=com.android.settings callback=android.app.ITransientNotification$Stub$Proxy@41b4e9d0
I/NotificationService( 2015): cancelToast pkg=com.android.settings callback=android.app.ITransientNotification$Stub$Proxy@41c42098
I/NotificationService( 2015): cancelToast pkg=com.android.settings callback=android.app.ITransientNotification$Stub$Proxy@41eddb78
I/NotificationService( 2015): cancelToast pkg=com.android.settings callback=android.app.ITransientNotification$Stub$Proxy@41c40638
W/Settings( 2148): Setting bugreport_in_power_menu has moved from android.provider.Settings.Secure to android.provider.Settings.Global.
E/Cryptfs ( 1506): not running with encryption, aborting
D/PermissionCache( 1511): checking android.permission.HARDWARE_TEST for uid=1000 => granted (801 us)
W/Settings( 2148): Setting bugreport_in_power_menu has moved from android.provider.Settings.System to android.provider.Settings.Global
W/Settings( 2148): Setting bugreport_in_power_menu has moved from android.provider.Settings.Secure to android.provider.Settings.Global.
E/Cryptfs ( 1506): not running with encryption, aborting
W/Settings( 2148): Setting bugreport_in_power_menu has moved from android.provider.Settings.System to android.provider.Settings.Global
I/ActivityManager( 2015): Waited long enough for: ServiceRecord{419c38c0 u0 com.google.android.calendar/com.android.calendar.alerts.InitAlarmsService}
I/ActivityManager( 2015): Waited long enough for: ServiceRecord{41cdb480 u0 com.jianui.update/.UpdateService}
D/alertcontrol( 2148): alertcontrol-------2--2131820740
D/TEST    ( 2148): dialogs=com.jui.app.AlertDialog@41d9e768
D/alertDialog jui( 2148): creat mCancelable-------true
W/InputMethodManagerService( 2015): Window already focused, ignoring focus gain of: com.android.internal.view.IInputMethodClient$Stub$Proxy@41ca21a8 attribute=null, token = android.os.BinderProxy@41b89358
D/PhoneStatusBar( 2080): Owenli notification total:4, current:0, pkg:com.android.systemui, is clearable:false
D/PhoneStatusBar( 2080): Owenli notification total:4, current:1, pkg:com.android.systemui, is clearable:false
D/PhoneStatusBar( 2080): Owenli notification total:4, current:2, pkg:android, is clearable:false
D/PhoneStatusBar( 2080): Owenli notification total:4, current:3, pkg:android, is clearable:false
D/WindowManager( 2015): mBootFastRuning = false shutdhownPending = false
D/InputManager-JNI( 2015): handleInterceptActions: POLICY_FLAG_PASS_TO_USER.
D/WindowManager( 2015): mBootFastRuning = false shutdhownPending = false
D/InputManager-JNI( 2015): handleInterceptActions: POLICY_FLAG_PASS_TO_USER.
I/ActivityManager( 2015): START u0 {act=android.intent.action.MAIN cat=[android.intent.category.HOME] flg=0x10200000 cmp=com.teslacoilsw.launcher/com.android.launcher2.Launcher} from pid 2015
I/ActivityManager( 2015): performance mode unset
W/ContextImpl( 2015): Calling a method in the system process without a qualified user: android.app.ContextImpl.sendBroadcast:1123 com.android.server.am.ActivityStackSupervisor.startActivityLocked:1118 com.android.server.am.ActivityStackSupervisor.startActivityMayWait:744 com.android.server.am.ActivityManagerService.startActivityAsUser:3135 android.app.ContextImpl.startActivityAsUser:1048 
I/dalvikvm( 2015): Jit: resizing JitTable from 4096 to 8192
D/WindowManager( 2015): setSystemUiVisibility start color:0 attrs:WM.LayoutParams{(0,0)(fillxfill) sim=#120 ty=1 fl=#d910100 statusBarColor=0 pfl=0x8 fmt=-2 wanim=0x10302a1 vsysui=0x700}
V/CommandQ( 2080):  0 color:0
D/WindowManager( 2015): setSystemUiVisibility ent
V/CommandQ( 2080):  1 color:0
D/WindowManager( 2015): setSystemUiVisibility start color:0 attrs:WM.LayoutParams{(0,0)(fillxfill) sim=#20 ty=1 fl=#d910100 statusBarColor=0 pfl=0x8 fmt=-2 wanim=0x10302a1 vsysui=0x700}
D/WindowManager( 2015): setSystemUiVisibility ent
V/CommandQ( 2080):  0 color:0
V/CommandQ( 2080):  1 color:0
D/BluetoothAdapter( 2080): 1103087432: getState() :  mService = null. Returning STATE_OFF
D/BluetoothAdapter( 2080): 1103087432: getState() :  mService = null. Returning STATE_OFF
I/ActivityManager( 2015): Timeline: Activity_windows_visible id: com.teslacoilsw.launcher time:46352
D/audio_hw_primary( 1514): out_standby
D/InitAlarmsService( 2717): Clearing and rescheduling alarms.
D/AlarmManager( 2015): Target = com.android.providers.calendar creator = com.android.providers.calendar type = 2 action = com.android.providers.calendar.intent.CalendarProvider2
D/AlarmManager( 2015): Target = com.android.providers.calendar creator = com.android.providers.calendar type = 0 action = com.android.providers.calendar.SCHEDULE_ALARM
I/Icing   ( 2243): Indexing F8C85F8A38278E547D357662806D9E8B180D60D1 from com.google.android.music
I/Icing   ( 2243): Indexing done F8C85F8A38278E547D357662806D9E8B180D60D1
V/        ( 2080): result:15:42
V/        ( 2080): result:15:42
I/System.out( 2473): passive
I/System.out( 2473): gps
I/System.out( 2473): network
I/SoftWinnerService( 2473): post http error
W/System.err( 2473): java.net.UnknownHostException: Unable to resolve host "push.softwinners.com": No address associated with hostname
W/System.err( 2473): 	at java.net.InetAddress.lookupHostByName(InetAddress.java:428)
W/System.err( 2473): 	at java.net.InetAddress.getAllByNameImpl(InetAddress.java:240)
W/System.err( 2473): 	at java.net.InetAddress.getAllByName(InetAddress.java:214)
W/System.err( 2473): 	at org.apache.http.impl.conn.DefaultClientConnectionOperator.openConnection(DefaultClientConnectionOperator.java:137)
W/System.err( 2473): 	at org.apache.http.impl.conn.AbstractPoolEntry.open(AbstractPoolEntry.java:164)
W/System.err( 2473): 	at org.apache.http.impl.conn.AbstractPooledConnAdapter.open(AbstractPooledConnAdapter.java:119)
W/System.err( 2473): 	at org.apache.http.impl.client.DefaultRequestDirector.execute(DefaultRequestDirector.java:360)
W/System.err( 2473): 	at org.apache.http.impl.client.AbstractHttpClient.execute(AbstractHttpClient.java:555)
W/System.err( 2473): 	at org.apache.http.impl.client.AbstractHttpClient.execute(AbstractHttpClient.java:487)
W/System.err( 2473): 	at org.apache.http.impl.client.AbstractHttpClient.execute(AbstractHttpClient.java:465)
W/System.err( 2473): 	at com.softwinner.service.MessagePushService.getServerMessage(MessagePushService.java:618)
W/System.err( 2473): 	at com.softwinner.service.MessagePushService.MessageProcess(MessagePushService.java:216)
W/System.err( 2473): 	at com.softwinner.service.MessagePushService.access$100(MessagePushService.java:69)
W/System.err( 2473): 	at com.softwinner.service.MessagePushService$2.run(MessagePushService.java:327)
W/System.err( 2473): 	at android.os.Handler.handleCallback(Handler.java:733)
W/System.err( 2473): 	at android.os.Handler.dispatchMessage(Handler.java:95)
W/System.err( 2473): 	at android.os.Looper.loop(Looper.java:136)
W/System.err( 2473): 	at android.os.HandlerThread.run(HandlerThread.java:61)
W/System.err( 2473): Caused by: libcore.io.GaiException: getaddrinfo failed: EAI_NODATA (No address associated with hostname)
W/System.err( 2473): 	at libcore.io.Posix.getaddrinfo(Native Method)
W/System.err( 2473): 	at libcore.io.ForwardingOs.getaddrinfo(ForwardingOs.java:61)
W/System.err( 2473): 	at java.net.InetAddress.lookupHostByName(InetAddress.java:409)
W/System.err( 2473): 	... 17 more
